Archive member included to satisfy reference by file (symbol)

C:/ST/STM32CubeIDE_1.13.1/STM32CubeIDE/plugins/com.st.stm32cube.ide.mcu.externaltools.gnu-tools-for-stm32.12.3.rel1.win32_1.0.200.202406191623/tools/bin/../lib/gcc/arm-none-eabi/12.3.1/../../../../arm-none-eabi/lib/thumb/v7e-m+fp/hard\libc_nano.a(libc_a-exit.o)
                              C:/ST/STM32CubeIDE_1.13.1/STM32CubeIDE/plugins/com.st.stm32cube.ide.mcu.externaltools.gnu-tools-for-stm32.12.3.rel1.win32_1.0.200.202406191623/tools/bin/../lib/gcc/arm-none-eabi/12.3.1/../../../../arm-none-eabi/lib/thumb/v7e-m+fp/hard/crt0.o (exit)
C:/ST/STM32CubeIDE_1.13.1/STM32CubeIDE/plugins/com.st.stm32cube.ide.mcu.externaltools.gnu-tools-for-stm32.12.3.rel1.win32_1.0.200.202406191623/tools/bin/../lib/gcc/arm-none-eabi/12.3.1/../../../../arm-none-eabi/lib/thumb/v7e-m+fp/hard\libc_nano.a(libc_a-findfp.o)
                              C:/ST/STM32CubeIDE_1.13.1/STM32CubeIDE/plugins/com.st.stm32cube.ide.mcu.externaltools.gnu-tools-for-stm32.12.3.rel1.win32_1.0.200.202406191623/tools/bin/../lib/gcc/arm-none-eabi/12.3.1/../../../../arm-none-eabi/lib/thumb/v7e-m+fp/hard\libc_nano.a(libc_a-exit.o) (__stdio_exit_handler)
C:/ST/STM32CubeIDE_1.13.1/STM32CubeIDE/plugins/com.st.stm32cube.ide.mcu.externaltools.gnu-tools-for-stm32.12.3.rel1.win32_1.0.200.202406191623/tools/bin/../lib/gcc/arm-none-eabi/12.3.1/../../../../arm-none-eabi/lib/thumb/v7e-m+fp/hard\libc_nano.a(libc_a-fwalk.o)
                              C:/ST/STM32CubeIDE_1.13.1/STM32CubeIDE/plugins/com.st.stm32cube.ide.mcu.externaltools.gnu-tools-for-stm32.12.3.rel1.win32_1.0.200.202406191623/tools/bin/../lib/gcc/arm-none-eabi/12.3.1/../../../../arm-none-eabi/lib/thumb/v7e-m+fp/hard\libc_nano.a(libc_a-findfp.o) (_fwalk_sglue)
C:/ST/STM32CubeIDE_1.13.1/STM32CubeIDE/plugins/com.st.stm32cube.ide.mcu.externaltools.gnu-tools-for-stm32.12.3.rel1.win32_1.0.200.202406191623/tools/bin/../lib/gcc/arm-none-eabi/12.3.1/../../../../arm-none-eabi/lib/thumb/v7e-m+fp/hard\libc_nano.a(libc_a-stdio.o)
                              C:/ST/STM32CubeIDE_1.13.1/STM32CubeIDE/plugins/com.st.stm32cube.ide.mcu.externaltools.gnu-tools-for-stm32.12.3.rel1.win32_1.0.200.202406191623/tools/bin/../lib/gcc/arm-none-eabi/12.3.1/../../../../arm-none-eabi/lib/thumb/v7e-m+fp/hard\libc_nano.a(libc_a-findfp.o) (__sread)
C:/ST/STM32CubeIDE_1.13.1/STM32CubeIDE/plugins/com.st.stm32cube.ide.mcu.externaltools.gnu-tools-for-stm32.12.3.rel1.win32_1.0.200.202406191623/tools/bin/../lib/gcc/arm-none-eabi/12.3.1/../../../../arm-none-eabi/lib/thumb/v7e-m+fp/hard\libc_nano.a(libc_a-memset.o)
                              C:/ST/STM32CubeIDE_1.13.1/STM32CubeIDE/plugins/com.st.stm32cube.ide.mcu.externaltools.gnu-tools-for-stm32.12.3.rel1.win32_1.0.200.202406191623/tools/bin/../lib/gcc/arm-none-eabi/12.3.1/../../../../arm-none-eabi/lib/thumb/v7e-m+fp/hard/crt0.o (memset)
C:/ST/STM32CubeIDE_1.13.1/STM32CubeIDE/plugins/com.st.stm32cube.ide.mcu.externaltools.gnu-tools-for-stm32.12.3.rel1.win32_1.0.200.202406191623/tools/bin/../lib/gcc/arm-none-eabi/12.3.1/../../../../arm-none-eabi/lib/thumb/v7e-m+fp/hard\libc_nano.a(libc_a-closer.o)
                              C:/ST/STM32CubeIDE_1.13.1/STM32CubeIDE/plugins/com.st.stm32cube.ide.mcu.externaltools.gnu-tools-for-stm32.12.3.rel1.win32_1.0.200.202406191623/tools/bin/../lib/gcc/arm-none-eabi/12.3.1/../../../../arm-none-eabi/lib/thumb/v7e-m+fp/hard\libc_nano.a(libc_a-stdio.o) (_close_r)
C:/ST/STM32CubeIDE_1.13.1/STM32CubeIDE/plugins/com.st.stm32cube.ide.mcu.externaltools.gnu-tools-for-stm32.12.3.rel1.win32_1.0.200.202406191623/tools/bin/../lib/gcc/arm-none-eabi/12.3.1/../../../../arm-none-eabi/lib/thumb/v7e-m+fp/hard\libc_nano.a(libc_a-reent.o)
                              C:/ST/STM32CubeIDE_1.13.1/STM32CubeIDE/plugins/com.st.stm32cube.ide.mcu.externaltools.gnu-tools-for-stm32.12.3.rel1.win32_1.0.200.202406191623/tools/bin/../lib/gcc/arm-none-eabi/12.3.1/../../../../arm-none-eabi/lib/thumb/v7e-m+fp/hard\libc_nano.a(libc_a-closer.o) (errno)
C:/ST/STM32CubeIDE_1.13.1/STM32CubeIDE/plugins/com.st.stm32cube.ide.mcu.externaltools.gnu-tools-for-stm32.12.3.rel1.win32_1.0.200.202406191623/tools/bin/../lib/gcc/arm-none-eabi/12.3.1/../../../../arm-none-eabi/lib/thumb/v7e-m+fp/hard\libc_nano.a(libc_a-impure.o)
                              C:/ST/STM32CubeIDE_1.13.1/STM32CubeIDE/plugins/com.st.stm32cube.ide.mcu.externaltools.gnu-tools-for-stm32.12.3.rel1.win32_1.0.200.202406191623/tools/bin/../lib/gcc/arm-none-eabi/12.3.1/../../../../arm-none-eabi/lib/thumb/v7e-m+fp/hard\libc_nano.a(libc_a-reent.o) (_impure_ptr)
C:/ST/STM32CubeIDE_1.13.1/STM32CubeIDE/plugins/com.st.stm32cube.ide.mcu.externaltools.gnu-tools-for-stm32.12.3.rel1.win32_1.0.200.202406191623/tools/bin/../lib/gcc/arm-none-eabi/12.3.1/../../../../arm-none-eabi/lib/thumb/v7e-m+fp/hard\libc_nano.a(libc_a-lseekr.o)
[...]
Memory Configuration

Name             Origin             Length             Attributes
FLASH            0x08100000         0x00100000         xr
RAM              0x10000000         0x00048000         xrw
*default*        0x00000000         0xffffffff

Linker script and memory map

LOAD C:/ST/STM32CubeIDE_1.13.1/STM32CubeIDE/plugins/com.st.stm32cube.ide.mcu.externaltools.gnu-tools-for-stm32.12.3.rel1.win32_1.0.200.202406191623/tools/bin/../lib/gcc/arm-none-eabi/12.3.1/thumb/v7e-m+fp/hard/crti.o
LOAD C:/ST/STM32CubeIDE_1.13.1/STM32CubeIDE/plugins/com.st.stm32cube.ide.mcu.externaltools.gnu-tools-for-stm32.12.3.rel1.win32_1.0.200.202406191623/tools/bin/../lib/gcc/arm-none-eabi/12.3.1/thumb/v7e-m+fp/hard/crtbegin.o
LOAD C:/ST/STM32CubeIDE_1.13.1/STM32CubeIDE/plugins/com.st.stm32cube.ide.mcu.externaltools.gnu-tools-for-stm32.12.3.rel1.win32_1.0.200.202406191623/tools/bin/../lib/gcc/arm-none-eabi/12.3.1/../../../../arm-none-eabi/lib/thumb/v7e-m+fp/hard/crt0.o
LOAD ./Common/Src/system_stm32h7xx_dualcore_boot_cm4_cm7.o
LOAD ./Core/Src/Global/Global_Definitions.o
LOAD ./Core/Src/Middleware Layer/INS_processing.o
LOAD ./Core/Src/RTOS Layer/Task_manager.o
LOAD ./Core/Src/dma.o
LOAD ./Core/Src/freertos.o
LOAD ./Core/Src/gpio.o
LOAD ./Core/Src/main.o
LOAD ./Core/Src/stm32h7xx_hal_msp.o
LOAD ./Core/Src/stm32h7xx_it.o
LOAD ./Core/Src/syscalls.o
LOAD ./Core/Src/sysmem.o
LOAD ./Core/Src/usart.o
LOAD ./Core/Startup/startup_stm32h755zitx.o
LOAD ./Drivers/STM32H7xx_HAL_Driver/stm32h7xx_hal.o
LOAD ./Drivers/STM32H7xx_HAL_Driver/stm32h7xx_hal_cortex.o
LOAD ./Drivers/STM32H7xx_HAL_Driver/stm32h7xx_hal_dma.o
LOAD ./Drivers/STM32H7xx_HAL_Driver/stm32h7xx_hal_dma_ex.o
LOAD ./Drivers/STM32H7xx_HAL_Driver/stm32h7xx_hal_exti.o
LOAD ./Drivers/STM32H7xx_HAL_Driver/stm32h7xx_hal_flash.o
LOAD ./Drivers/STM32H7xx_HAL_Driver/stm32h7xx_hal_flash_ex.o
LOAD ./Drivers/STM32H7xx_HAL_Driver/stm32h7xx_hal_gpio.o
LOAD ./Drivers/STM32H7xx_HAL_Driver/stm32h7xx_hal_hsem.o
LOAD ./Drivers/STM32H7xx_HAL_Driver/stm32h7xx_hal_i2c.o
LOAD ./Drivers/STM32H7xx_HAL_Driver/stm32h7xx_hal_i2c_ex.o
LOAD ./Drivers/STM32H7xx_HAL_Driver/stm32h7xx_hal_mdma.o
LOAD ./Drivers/STM32H7xx_HAL_Driver/stm32h7xx_hal_pwr.o
LOAD ./Drivers/STM32H7xx_HAL_Driver/stm32h7xx_hal_pwr_ex.o
LOAD ./Drivers/STM32H7xx_HAL_Driver/stm32h7xx_hal_rcc.o
LOAD ./Drivers/STM32H7xx_HAL_Driver/stm32h7xx_hal_rcc_ex.o
LOAD ./Drivers/STM32H7xx_HAL_Driver/stm32h7xx_hal_tim.o
LOAD ./Drivers/STM32H7xx_HAL_Driver/stm32h7xx_hal_tim_ex.o
LOAD ./Drivers/STM32H7xx_HAL_Driver/stm32h7xx_hal_uart.o
LOAD ./Drivers/STM32H7xx_HAL_Driver/stm32h7xx_hal_uart_ex.o
LOAD ./Middlewares/Third_Party/FreeRTOS/cmsis_os.o
LOAD ./Middlewares/Third_Party/FreeRTOS/croutine.o
LOAD ./Middlewares/Third_Party/FreeRTOS/event_groups.o
LOAD ./Middlewares/Third_Party/FreeRTOS/heap_4.o
LOAD ./Middlewares/Third_Party/FreeRTOS/list.o
LOAD ./Middlewares/Third_Party/FreeRTOS/port.o
LOAD ./Middlewares/Third_Party/FreeRTOS/queue.o
LOAD ./Middlewares/Third_Party/FreeRTOS/stream_buffer.o
LOAD ./Middlewares/Third_Party/FreeRTOS/tasks.o
LOAD ./Middlewares/Third_Party/FreeRTOS/timers.o
START GROUP
LOAD C:/ST/STM32CubeIDE_1.13.1/STM32CubeIDE/plugins/com.st.stm32cube.ide.mcu.externaltools.gnu-tools-for-stm32.12.3.rel1.win32_1.0.200.202406191623/tools/bin/../lib/gcc/arm-none-eabi/12.3.1/../../../../arm-none-eabi/lib/thumb/v7e-m+fp/hard\libc_nano.a
LOAD C:/ST/STM32CubeIDE_1.13.1/STM32CubeIDE/plugins/com.st.stm32cube.ide.mcu.externaltools.gnu-tools-for-stm32.12.3.rel1.win32_1.0.200.202406191623/tools/bin/../lib/gcc/arm-none-eabi/12.3.1/../../../../arm-none-eabi/lib/thumb/v7e-m+fp/hard\libm.a
END GROUP
START GROUP
LOAD C:/ST/STM32CubeIDE_1.13.1/STM32CubeIDE/plugins/com.st.stm32cube.ide.mcu.externaltools.gnu-tools-for-stm32.12.3.rel1.win32_1.0.200.202406191623/tools/bin/../lib/gcc/arm-none-eabi/12.3.1/thumb/v7e-m+fp/hard\libgcc.a
LOAD C:/ST/STM32CubeIDE_1.13.1/STM32CubeIDE/plugins/com.st.stm32cube.ide.mcu.externaltools.gnu-tools-for-stm32.12.3.rel1.win32_1.0.200.202406191623/tools/bin/../lib/gcc/arm-none-eabi/12.3.1/../../../../arm-none-eabi/lib/thumb/v7e-m+fp/hard\libc_nano.a
END GROUP
START GROUP
LOAD C:/ST/STM32CubeIDE_1.13.1/STM32CubeIDE/plugins/com.st.stm32cube.ide.mcu.externaltools.gnu-tools-for-stm32.12.3.rel1.win32_1.0.200.202406191623/tools/bin/../lib/gcc/arm-none-eabi/12.3.1/thumb/v7e-m+fp/hard\libgcc.a
LOAD C:/ST/STM32CubeIDE_1.13.1/STM32CubeIDE/plugins/com.st.stm32cube.ide.mcu.externaltools.gnu-tools-for-stm32.12.3.rel1.win32_1.0.200.202406191623/tools/bin/../lib/gcc/arm-none-eabi/12.3.1/../../../../arm-none-eabi/lib/thumb/v7e-m+fp/hard\libc_nano.a
LOAD C:/ST/STM32CubeIDE_1.13.1/STM32CubeIDE/plugins/com.st.stm32cube.ide.mcu.externaltools.gnu-tools-for-stm32.12.3.rel1.win32_1.0.200.202406191623/tools/bin/../lib/gcc/arm-none-eabi/12.3.1/../../../../arm-none-eabi/lib/thumb/v7e-m+fp/hard\libnosys.a
END GROUP
START GROUP
LOAD C:/ST/STM32CubeIDE_1.13.1/STM32CubeIDE/plugins/com.st.stm32cube.ide.mcu.externaltools.gnu-tools-for-stm32.12.3.rel1.win32_1.0.200.202406191623/tools/bin/../lib/gcc/arm-none-eabi/12.3.1/thumb/v7e-m+fp/hard\libgcc.a
LOAD C:/ST/STM32CubeIDE_1.13.1/STM32CubeIDE/plugins/com.st.stm32cube.ide.mcu.externaltools.gnu-tools-for-stm32.12.3.rel1.win32_1.0.200.202406191623/tools/bin/../lib/gcc/arm-none-eabi/12.3.1/../../../../arm-none-eabi/lib/thumb/v7e-m+fp/hard\libc_nano.a
LOAD C:/ST/STM32CubeIDE_1.13.1/STM32CubeIDE/plugins/com.st.stm32cube.ide.mcu.externaltools.gnu-tools-for-stm32.12.3.rel1.win32_1.0.200.202406191623/tools/bin/../lib/gcc/arm-none-eabi/12.3.1/../../../../arm-none-eabi/lib/thumb/v7e-m+fp/hard\libnosys.a
END GROUP
LOAD C:/ST/STM32CubeIDE_1.13.1/STM32CubeIDE/plugins/com.st.stm32cube.ide.mcu.externaltools.gnu-tools-for-stm32.12.3.rel1.win32_1.0.200.202406191623/tools/bin/../lib/gcc/arm-none-eabi/12.3.1/thumb/v7e-m+fp/hard/crtend.o
LOAD C:/ST/STM32CubeIDE_1.13.1/STM32CubeIDE/plugins/com.st.stm32cube.ide.mcu.externaltools.gnu-tools-for-stm32.12.3.rel1.win32_1.0.200.202406191623/tools/bin/../lib/gcc/arm-none-eabi/12.3.1/thumb/v7e-m+fp/hard/crtn.o
                0x10048000                        _estack = (ORIGIN (RAM) + LENGTH (RAM))
                0x00000200                        _Min_Heap_Size = 0x200
                0x00000400                        _Min_Stack_Size = 0x400

.isr_vector     0x08100000      0x298
                0x08100000                        . = ALIGN (0x4)
 *(.isr_vector)
 .isr_vector    0x08100000      0x298 ./Core/Startup/startup_stm32h755zitx.o
                0x08100000                g_pfnVectors
                0x08100298                        . = ALIGN (0x4)

.text           0x081002a0     0x8d2c
                0x081002a0                        . = ALIGN (0x4)
 *(.text)
 .text          0x081002a0       0x40 C:/ST/STM32CubeIDE_1.13.1/STM32CubeIDE/plugins/com.st.stm32cube.ide.mcu.externaltools.gnu-tools-for-stm32.12.3.rel1.win32_1.0.200.202406191623/tools/bin/../lib/gcc/arm-none-eabi/12.3.1/thumb/v7e-m+fp/hard/crtbegin.o
 .text          0x081002e0       0x30 C:/ST/STM32CubeIDE_1.13.1/STM32CubeIDE/plugins/com.st.stm32cube.ide.mcu.externaltools.gnu-tools-for-stm32.12.3.rel1.win32_1.0.200.202406191623/tools/bin/../lib/gcc/arm-none-eabi/12.3.1/thumb/v7e-m+fp/hard\libgcc.a(_aeabi_uldivmod.o)
                0x081002e0                __aeabi_uldivmod
 .text          0x08100310      0x2bc C:/ST/STM32CubeIDE_1.13.1/STM32CubeIDE/plugins/com.st.stm32cube.ide.mcu.externaltools.gnu-tools-for-stm32.12.3.rel1.win32_1.0.200.202406191623/tools/bin/../lib/gcc/arm-none-eabi/12.3.1/thumb/v7e-m+fp/hard\libgcc.a(_udivmoddi4.o)
                0x08100310                __udivmoddi4
 .text          0x081005cc        0x4 C:/ST/STM32CubeIDE_1.13.1/STM32CubeIDE/plugins/com.st.stm32cube.ide.mcu.externaltools.gnu-tools-for-stm32.12.3.rel1.win32_1.0.200.202406191623/tools/bin/../lib/gcc/arm-none-eabi/12.3.1/thumb/v7e-m+fp/hard\libgcc.a(_dvmd_tls.o)
                0x081005cc                __aeabi_idiv0
                0x081005cc                __aeabi_ldiv0
 *(.text*)
 .text.SystemInit
                0x081005d0       0x30 ./Common/Src/system_stm32h7xx_dualcore_boot_cm4_cm7.o
                0x081005d0                SystemInit
 .text.INS_Rx_Message
                0x08100600      0x154 ./Core/Src/Middleware Layer/INS_processing.o
                0x08100600                INS_Rx_Message
 .text.INS_kindInf
                0x08100754      0x72c ./Core/Src/Middleware Layer/INS_processing.o
                0x08100754                INS_kindInf
 .text.INS_WatchDog
                0x08100e80       0xb8 ./Core/Src/Middleware Layer/INS_processing.o
                0x08100e80                INS_WatchDog
 .text.task_init_1ms
                0x08100f38        0xe ./Core/Src/RTOS Layer/Task_manager.o
                0x08100f38                task_init_1ms
 .text.task_init_5ms
                0x08100f46        0xe ./Core/Src/RTOS Layer/Task_manager.o
                0x08100f46                task_init_5ms
 .text.task_init_10ms
                0x08100f54        0xe ./Core/Src/RTOS Layer/Task_manager.o
                0x08100f54                task_init_10ms
 .text.task_init_15ms
                0x08100f62        0xe ./Core/Src/RTOS Layer/Task_manager.o
                0x08100f62                task_init_15ms
 .text.task_init_20ms
                0x08100f70        0xe ./Core/Src/RTOS Layer/Task_manager.o
                0x08100f70                task_init_20ms
 .text.task_init_30ms
                0x08100f7e        0xe ./Core/Src/RTOS Layer/Task_manager.o
                0x08100f7e                task_init_30ms
 .text.task_init_50ms
                0x08100f8c        0xe ./Core/Src/RTOS Layer/Task_manager.o
                0x08100f8c                task_init_50ms
 .text.task_init_100ms
                0x08100f9a        0xe ./Core/Src/RTOS Layer/Task_manager.o
                0x08100f9a                task_init_100ms
 .text.task_init_200ms
                0x08100fa8        0xe ./Core/Src/RTOS Layer/Task_manager.o
                0x08100fa8                task_init_200ms
 .text.task_init_500ms
                0x08100fb6        0xe ./Core/Src/RTOS Layer/Task_manager.o
                0x08100fb6                task_init_500ms
 .text.task_manager_1ms
                0x08100fc4        0xe ./Core/Src/RTOS Layer/Task_manager.o
                0x08100fc4                task_manager_1ms
 .text.task_manager_5ms
                0x08100fd2        0xe ./Core/Src/RTOS Layer/Task_manager.o
                0x08100fd2                task_manager_5ms
 .text.task_manager_10ms
                0x08100fe0        0xe ./Core/Src/RTOS Layer/Task_manager.o
                0x08100fe0                task_manager_10ms
 .text.task_manager_15ms
                0x08100fee        0xe ./Core/Src/RTOS Layer/Task_manager.o
                0x08100fee                task_manager_15ms
 .text.task_manager_20ms
                0x08100ffc        0xe ./Core/Src/RTOS Layer/Task_manager.o
                0x08100ffc                task_manager_20ms
 .text.task_manager_30ms
                0x0810100a        0xe ./Core/Src/RTOS Layer/Task_manager.o
                0x0810100a                task_manager_30ms
 .text.task_manager_50ms
                0x08101018        0xe ./Core/Src/RTOS Layer/Task_manager.o
                0x08101018                task_manager_50ms
 .text.task_manager_100ms
                0x08101026        0xe ./Core/Src/RTOS Layer/Task_manager.o
                0x08101026                task_manager_100ms
 .text.task_manager_200ms
                0x08101034        0xc ./Core/Src/RTOS Layer/Task_manager.o
                0x08101034                task_manager_200ms
 .text.task_manager_500ms
                0x08101040        0xc ./Core/Src/RTOS Layer/Task_manager.o
                0x08101040                task_manager_500ms
 .text.MX_DMA_Init
                0x0810104c       0x40 ./Core/Src/dma.o
                0x0810104c                MX_DMA_Init
 .text.vApplicationGetIdleTaskMemory
                0x0810108c       0x34 ./Core/Src/freertos.o
                0x0810108c                vApplicationGetIdleTaskMemory
 .text.MX_FREERTOS_Init
                0x081010c0      0x1e0 ./Core/Src/freertos.o
                0x081010c0                MX_FREERTOS_Init
 .text.Task_1ms
                0x081012a0       0x1a ./Core/Src/freertos.o
                0x081012a0                Task_1ms
 .text.Task_5ms
                0x081012ba       0x1a ./Core/Src/freertos.o
                0x081012ba                Task_5ms
 .text.Task_10ms
                0x081012d4       0x1a ./Core/Src/freertos.o
                0x081012d4                Task_10ms
 .text.Task_15ms
                0x081012ee       0x1a ./Core/Src/freertos.o
                0x081012ee                Task_15ms
 .text.Task_20ms
                0x08101308       0x1a ./Core/Src/freertos.o
                0x08101308                Task_20ms
 .text.Task_30ms
                0x08101322       0x1a ./Core/Src/freertos.o
                0x08101322                Task_30ms
 .text.Task_50ms
                0x0810133c       0x1a ./Core/Src/freertos.o
                0x0810133c                Task_50ms
 .text.Task_100ms
                0x08101356       0x1a ./Core/Src/freertos.o
                0x08101356                Task_100ms
 .text.Task_200ms
                0x08101370       0x1a ./Core/Src/freertos.o
                0x08101370                Task_200ms
 .text.Task_500ms
                0x0810138a       0x1c ./Core/Src/freertos.o
                0x0810138a                Task_500ms
 *fill*         0x081013a6        0x2 
 .text.MX_GPIO_Init
                0x081013a8       0x88 ./Core/Src/gpio.o
                0x081013a8                MX_GPIO_Init
 .text.main     0x08101430       0x9c ./Core/Src/main.o
                0x08101430                main
 .text.sendDataM4M7
                0x081014cc       0x64 ./Core/Src/main.o
                0x081014cc                sendDataM4M7
 .text.Error_Handler
                0x08101530        0xc ./Core/Src/main.o
                0x08101530                Error_Handler
 .text.HAL_MspInit
                0x0810153c       0x4c ./Core/Src/stm32h7xx_hal_msp.o
                0x0810153c                HAL_MspInit
 .text.NMI_Handler
                0x08101588        0x8 ./Core/Src/stm32h7xx_it.o
                0x08101588                NMI_Handler
 .text.HardFault_Handler
                0x08101590        0x8 ./Core/Src/stm32h7xx_it.o
                0x08101590                HardFault_Handler
 .text.MemManage_Handler
                0x08101598        0x8 ./Core/Src/stm32h7xx_it.o
                0x08101598                MemManage_Handler
 .text.BusFault_Handler
                0x081015a0        0x8 ./Core/Src/stm32h7xx_it.o
                0x081015a0                BusFault_Handler
 .text.UsageFault_Handler
                0x081015a8        0x8 ./Core/Src/stm32h7xx_it.o
                0x081015a8                UsageFault_Handler
 .text.DebugMon_Handler
                0x081015b0        0xe ./Core/Src/stm32h7xx_it.o
                0x081015b0                DebugMon_Handler
 .text.SysTick_Handler
                0x081015be       0x1a ./Core/Src/stm32h7xx_it.o
                0x081015be                SysTick_Handler
 .text.DMA1_Stream0_IRQHandler
                0x081015d8       0x14 ./Core/Src/stm32h7xx_it.o
                0x081015d8                DMA1_Stream0_IRQHandler
 .text.HSEM2_IRQHandler
                0x081015ec        0xc ./Core/Src/stm32h7xx_it.o
                0x081015ec                HSEM2_IRQHandler
 .text.MX_USART6_UART_Init
                0x081015f8       0x98 ./Core/Src/usart.o
                0x081015f8                MX_USART6_UART_Init
 .text.HAL_UART_MspInit
                0x08101690      0x138 ./Core/Src/usart.o
                0x08101690                HAL_UART_MspInit
 .text.UART_DMA_Init_function
                0x081017c8       0x1c ./Core/Src/usart.o
                0x081017c8                UART_DMA_Init_function
 .text.HAL_UART_RxCpltCallback
                0x081017e4       0x3c ./Core/Src/usart.o
                0x081017e4                HAL_UART_RxCpltCallback
 .text.Reset_Handler
                0x08101820       0x50 ./Core/Startup/startup_stm32h755zitx.o
                0x08101820                Reset_Handler
 .text.Default_Handler
                0x08101870        0x2 ./Core/Startup/startup_stm32h755zitx.o
                0x08101870                RTC_Alarm_IRQHandler
                0x08101870                HASH_RNG_IRQHandler
                0x08101870                EXTI2_IRQHandler
                0x08101870                TIM8_CC_IRQHandler
                0x08101870                HRTIM1_Master_IRQHandler
                0x08101870                UART8_IRQHandler
                0x08101870                SPI4_IRQHandler
                0x08101870                TIM1_CC_IRQHandler
                0x08101870                BDMA_Channel6_IRQHandler
                0x08101870                DMA2_Stream5_IRQHandler
                0x08101870                HRTIM1_FLT_IRQHandler
                0x08101870                JPEG_IRQHandler
                0x08101870                DMA1_Stream5_IRQHandler
                0x08101870                BDMA_Channel1_IRQHandler
                0x08101870                HRTIM1_TIMD_IRQHandler
                0x08101870                TAMP_STAMP_IRQHandler
                0x08101870                EXTI3_IRQHandler
                0x08101870                LPTIM4_IRQHandler
                0x08101870                TIM8_TRG_COM_TIM14_IRQHandler
                0x08101870                LPTIM2_IRQHandler
                0x08101870                DFSDM1_FLT1_IRQHandler
                0x08101870                DMAMUX2_OVR_IRQHandler
                0x08101870                TIM8_UP_TIM13_IRQHandler
                0x08101870                I2C3_ER_IRQHandler
                0x08101870                DFSDM1_FLT2_IRQHandler
                0x08101870                MDMA_IRQHandler
                0x08101870                LPTIM3_IRQHandler
                0x08101870                HSEM1_IRQHandler
                0x08101870                EXTI0_IRQHandler
                0x08101870                I2C2_EV_IRQHandler
                0x08101870                DMA1_Stream2_IRQHandler
                0x08101870                FPU_IRQHandler
                0x08101870                OTG_HS_WKUP_IRQHandler
                0x08101870                FDCAN1_IT1_IRQHandler
                0x08101870                LTDC_ER_IRQHandler
                0x08101870                DMA2_Stream2_IRQHandler
                0x08101870                HRTIM1_TIME_IRQHandler
                0x08101870                SPI1_IRQHandler
                0x08101870                TIM6_DAC_IRQHandler
                0x08101870                DCMI_IRQHandler
                0x08101870                HRTIM1_TIMC_IRQHandler
                0x08101870                DMA2_Stream3_IRQHandler
                0x08101870                SAI2_IRQHandler
                0x08101870                DFSDM1_FLT3_IRQHandler
                0x08101870                USART6_IRQHandler
                0x08101870                TIM17_IRQHandler
                0x08101870                USART3_IRQHandler
                0x08101870                BDMA_Channel7_IRQHandler
                0x08101870                CRYP_IRQHandler
                0x08101870                LPTIM5_IRQHandler
                0x08101870                UART5_IRQHandler
                0x08101870                ADC3_IRQHandler
                0x08101870                DMA2_Stream0_IRQHandler
                0x08101870                TIM4_IRQHandler
                0x08101870                BDMA_Channel2_IRQHandler
                0x08101870                QUADSPI_IRQHandler
                0x08101870                I2C1_EV_IRQHandler
                0x08101870                DMA1_Stream6_IRQHandler
                0x08101870                DMAMUX1_OVR_IRQHandler
                0x08101870                DMA1_Stream1_IRQHandler
                0x08101870                TIM16_IRQHandler
                0x08101870                UART4_IRQHandler
                0x08101870                BDMA_Channel5_IRQHandler
                0x08101870                TIM3_IRQHandler
                0x08101870                RCC_IRQHandler
                0x08101870                TIM8_BRK_TIM12_IRQHandler
                0x08101870                TIM1_TRG_COM_IRQHandler
                0x08101870                Default_Handler
                0x08101870                ECC_IRQHandler
                0x08101870                CEC_IRQHandler
                0x08101870                EXTI15_10_IRQHandler
                0x08101870                BDMA_Channel0_IRQHandler
                0x08101870                ADC_IRQHandler
                0x08101870                DMA1_Stream7_IRQHandler
                0x08101870                HRTIM1_TIMA_IRQHandler
                0x08101870                SPI5_IRQHandler
                0x08101870                TIM7_IRQHandler
                0x08101870                SDMMC1_IRQHandler
                0x08101870                TIM5_IRQHandler
                0x08101870                DMA2_Stream7_IRQHandler
                0x08101870                TIM15_IRQHandler
                0x08101870                PVD_AVD_IRQHandler
                0x08101870                I2C3_EV_IRQHandler
                0x08101870                EXTI9_5_IRQHandler
                0x08101870                RTC_WKUP_IRQHandler
                0x08101870                LTDC_IRQHandler
                0x08101870                SAI3_IRQHandler
                0x08101870                ETH_WKUP_IRQHandler
                0x08101870                SPDIF_RX_IRQHandler
                0x08101870                SPI2_IRQHandler
                0x08101870                OTG_HS_EP1_IN_IRQHandler
                0x08101870                CRS_IRQHandler
                0x08101870                CM7_SEV_IRQHandler
                0x08101870                EXTI4_IRQHandler
                0x08101870                CM4_SEV_IRQHandler
                0x08101870                HRTIM1_TIMB_IRQHandler
                0x08101870                FDCAN2_IT1_IRQHandler
                0x08101870                ETH_IRQHandler
                0x08101870                TIM1_UP_IRQHandler
                0x08101870                WWDG_RST_IRQHandler
                0x08101870                BDMA_Channel4_IRQHandler
                0x08101870                OTG_HS_EP1_OUT_IRQHandler
                0x08101870                WWDG_IRQHandler
                0x08101870                SPI6_IRQHandler
                0x08101870                MDIOS_IRQHandler
                0x08101870                I2C4_EV_IRQHandler
                0x08101870                FDCAN2_IT0_IRQHandler
                0x08101870                LPUART1_IRQHandler
                0x08101870                FDCAN1_IT0_IRQHandler
                0x08101870                TIM2_IRQHandler
                0x08101870                OTG_FS_WKUP_IRQHandler
                0x08101870                OTG_HS_IRQHandler
                0x08101870                DMA2D_IRQHandler
                0x08101870                TIM1_BRK_IRQHandler
                0x08101870                EXTI1_IRQHandler
                0x08101870                SDMMC2_IRQHandler
                0x08101870                OTG_FS_EP1_OUT_IRQHandler
                0x08101870                BDMA_Channel3_IRQHandler
                0x08101870                HOLD_CORE_IRQHandler
                0x08101870                UART7_IRQHandler
                0x08101870                MDIOS_WKUP_IRQHandler
                0x08101870                USART2_IRQHandler
                0x08101870                DFSDM1_FLT0_IRQHandler
                0x08101870                SAI4_IRQHandler
                0x08101870                I2C2_ER_IRQHandler
                0x08101870                DMA2_Stream1_IRQHandler
                0x08101870                FLASH_IRQHandler
                0x08101870                DMA2_Stream4_IRQHandler
                0x08101870                USART1_IRQHandler
                0x08101870                OTG_FS_IRQHandler
                0x08101870                SPI3_IRQHandler
                0x08101870                WAKEUP_PIN_IRQHandler
                0x08101870                DMA1_Stream4_IRQHandler
                0x08101870                OTG_FS_EP1_IN_IRQHandler
                0x08101870                I2C1_ER_IRQHandler
                0x08101870                FMC_IRQHandler
                0x08101870                FDCAN_CAL_IRQHandler
                0x08101870                SWPMI1_IRQHandler
                0x08101870                COMP1_IRQHandler
                0x08101870                LPTIM1_IRQHandler
                0x08101870                I2C4_ER_IRQHandler
                0x08101870                DMA2_Stream6_IRQHandler
                0x08101870                SAI1_IRQHandler
                0x08101870                DMA1_Stream3_IRQHandler
 *fill*         0x08101872        0x2 
 .text.HAL_Init
                0x08101874       0xbc ./Drivers/STM32H7xx_HAL_Driver/stm32h7xx_hal.o
                0x08101874                HAL_Init
 .text.HAL_InitTick
                0x08101930       0x6c ./Drivers/STM32H7xx_HAL_Driver/stm32h7xx_hal.o
                0x08101930                HAL_InitTick
 .text.HAL_IncTick
                0x0810199c       0x28 ./Drivers/STM32H7xx_HAL_Driver/stm32h7xx_hal.o
                0x0810199c                HAL_IncTick
 .text.HAL_GetTick
                0x081019c4       0x18 ./Drivers/STM32H7xx_HAL_Driver/stm32h7xx_hal.o
                0x081019c4                HAL_GetTick
 .text.HAL_Delay
                0x081019dc       0x48 ./Drivers/STM32H7xx_HAL_Driver/stm32h7xx_hal.o
                0x081019dc                HAL_Delay
 .text.__NVIC_SetPriorityGrouping
                0x08101a24       0x48 ./Drivers/STM32H7xx_HAL_Driver/stm32h7xx_hal_cortex.o
 .text.__NVIC_GetPriorityGrouping
                0x08101a6c       0x1c ./Drivers/STM32H7xx_HAL_Driver/stm32h7xx_hal_cortex.o
 .text.__NVIC_EnableIRQ
                0x08101a88       0x3c ./Drivers/STM32H7xx_HAL_Driver/stm32h7xx_hal_cortex.o
 .text.__NVIC_SetPriority
                0x08101ac4       0x54 ./Drivers/STM32H7xx_HAL_Driver/stm32h7xx_hal_cortex.o
 .text.NVIC_EncodePriority
                0x08101b18       0x66 ./Drivers/STM32H7xx_HAL_Driver/stm32h7xx_hal_cortex.o
 *fill*         0x08101b7e        0x2 
 .text.SysTick_Config
                0x08101b80       0x44 ./Drivers/STM32H7xx_HAL_Driver/stm32h7xx_hal_cortex.o
 .text.HAL_NVIC_SetPriorityGrouping
                0x08101bc4       0x16 ./Drivers/STM32H7xx_HAL_Driver/stm32h7xx_hal_cortex.o
                0x08101bc4                HAL_NVIC_SetPriorityGrouping
 .text.HAL_NVIC_SetPriority
                0x08101bda       0x34 ./Drivers/STM32H7xx_HAL_Driver/stm32h7xx_hal_cortex.o
                0x08101bda                HAL_NVIC_SetPriority
 .text.HAL_NVIC_EnableIRQ
                0x08101c0e       0x1c ./Drivers/STM32H7xx_HAL_Driver/stm32h7xx_hal_cortex.o
                0x08101c0e                HAL_NVIC_EnableIRQ
 .text.HAL_SYSTICK_Config
                0x08101c2a       0x18 ./Drivers/STM32H7xx_HAL_Driver/stm32h7xx_hal_cortex.o
                0x08101c2a                HAL_SYSTICK_Config
 *fill*         0x08101c42        0x2 
 .text.HAL_GetCurrentCPUID
                0x08101c44       0x28 ./Drivers/STM32H7xx_HAL_Driver/stm32h7xx_hal_cortex.o
                0x08101c44                HAL_GetCurrentCPUID
 .text.HAL_DMA_Init
                0x08101c6c      0x6b4 ./Drivers/STM32H7xx_HAL_Driver/stm32h7xx_hal_dma.o
                0x08101c6c                HAL_DMA_Init
 .text.HAL_DMA_Start_IT
                0x08102320      0x4d4 ./Drivers/STM32H7xx_HAL_Driver/stm32h7xx_hal_dma.o
                0x08102320                HAL_DMA_Start_IT
 .text.HAL_DMA_IRQHandler
                0x081027f4      0xe54 ./Drivers/STM32H7xx_HAL_Driver/stm32h7xx_hal_dma.o
                0x081027f4                HAL_DMA_IRQHandler
 .text.DMA_SetConfig
                0x08103648      0x358 ./Drivers/STM32H7xx_HAL_Driver/stm32h7xx_hal_dma.o
 .text.DMA_CalcBaseAndBitshift
                0x081039a0      0x164 ./Drivers/STM32H7xx_HAL_Driver/stm32h7xx_hal_dma.o
 .text.DMA_CheckFifoParam
                0x08103b04       0xf8 ./Drivers/STM32H7xx_HAL_Driver/stm32h7xx_hal_dma.o
 .text.DMA_CalcDMAMUXChannelBaseAndMask
                0x08103bfc      0x134 ./Drivers/STM32H7xx_HAL_Driver/stm32h7xx_hal_dma.o
 .text.DMA_CalcDMAMUXRequestGenBaseAndMask
                0x08103d30       0xe8 ./Drivers/STM32H7xx_HAL_Driver/stm32h7xx_hal_dma.o
 .text.HAL_GPIO_Init
                0x08103e18      0x360 ./Drivers/STM32H7xx_HAL_Driver/stm32h7xx_hal_gpio.o
                0x08103e18                HAL_GPIO_Init
 .text.HAL_GPIO_WritePin
                0x08104178       0x32 ./Drivers/STM32H7xx_HAL_Driver/stm32h7xx_hal_gpio.o
                0x08104178                HAL_GPIO_WritePin
 .text.HAL_GPIO_TogglePin
                0x081041aa       0x34 ./Drivers/STM32H7xx_HAL_Driver/stm32h7xx_hal_gpio.o
                0x081041aa                HAL_GPIO_TogglePin
 *fill*         0x081041de        0x2 
 .text.HAL_HSEM_Take
                0x081041e0       0x48 ./Drivers/STM32H7xx_HAL_Driver/stm32h7xx_hal_hsem.o
                0x081041e0                HAL_HSEM_Take
 .text.HAL_HSEM_IsSemTaken
                0x08104228       0x2c ./Drivers/STM32H7xx_HAL_Driver/stm32h7xx_hal_hsem.o
                0x08104228                HAL_HSEM_IsSemTaken
 .text.HAL_HSEM_Release
                0x08104254       0x28 ./Drivers/STM32H7xx_HAL_Driver/stm32h7xx_hal_hsem.o
                0x08104254                HAL_HSEM_Release
 .text.HAL_HSEM_ActivateNotification
                0x0810427c       0x24 ./Drivers/STM32H7xx_HAL_Driver/stm32h7xx_hal_hsem.o
                0x0810427c                HAL_HSEM_ActivateNotification
 .text.HAL_HSEM_IRQHandler
                0x081042a0       0x34 ./Drivers/STM32H7xx_HAL_Driver/stm32h7xx_hal_hsem.o
                0x081042a0                HAL_HSEM_IRQHandler
 .text.HAL_HSEM_FreeCallback
                0x081042d4       0x14 ./Drivers/STM32H7xx_HAL_Driver/stm32h7xx_hal_hsem.o
                0x081042d4                HAL_HSEM_FreeCallback
 .text.HAL_PWREx_EnterSTOPMode
                0x081042e8       0xf4 ./Drivers/STM32H7xx_HAL_Driver/stm32h7xx_hal_pwr_ex.o
                0x081042e8                HAL_PWREx_EnterSTOPMode
 .text.HAL_PWREx_ClearPendingEvent
                0x081043dc       0x1a ./Drivers/STM32H7xx_HAL_Driver/stm32h7xx_hal_pwr_ex.o
                0x081043dc                HAL_PWREx_ClearPendingEvent
 *fill*         0x081043f6        0x2 
 .text.HAL_RCC_GetSysClockFreq
                0x081043f8      0x2f4 ./Drivers/STM32H7xx_HAL_Driver/stm32h7xx_hal_rcc.o
                0x081043f8                HAL_RCC_GetSysClockFreq
 .text.HAL_RCC_GetHCLKFreq
                0x081046ec       0x64 ./Drivers/STM32H7xx_HAL_Driver/stm32h7xx_hal_rcc.o
                0x081046ec                HAL_RCC_GetHCLKFreq
 .text.HAL_RCC_GetPCLK1Freq
                0x08104750       0x2c ./Drivers/STM32H7xx_HAL_Driver/stm32h7xx_hal_rcc.o
                0x08104750                HAL_RCC_GetPCLK1Freq
 .text.HAL_RCC_GetPCLK2Freq
                0x0810477c       0x2c ./Drivers/STM32H7xx_HAL_Driver/stm32h7xx_hal_rcc.o
                0x0810477c                HAL_RCC_GetPCLK2Freq
 .text.HAL_RCCEx_PeriphCLKConfig
                0x081047a8     0x1414 ./Drivers/STM32H7xx_HAL_Driver/stm32h7xx_hal_rcc_ex.o
                0x081047a8                HAL_RCCEx_PeriphCLKConfig
 .text.HAL_RCCEx_GetD3PCLK1Freq
                0x08105bbc       0x2c ./Drivers/STM32H7xx_HAL_Driver/stm32h7xx_hal_rcc_ex.o
                0x08105bbc                HAL_RCCEx_GetD3PCLK1Freq
 .text.HAL_RCCEx_GetPLL2ClockFreq
                0x08105be8      0x2a8 ./Drivers/STM32H7xx_HAL_Driver/stm32h7xx_hal_rcc_ex.o
                0x08105be8                HAL_RCCEx_GetPLL2ClockFreq
 .text.HAL_RCCEx_GetPLL3ClockFreq
                0x08105e90      0x2a8 ./Drivers/STM32H7xx_HAL_Driver/stm32h7xx_hal_rcc_ex.o
                0x08105e90                HAL_RCCEx_GetPLL3ClockFreq
 .text.RCCEx_PLL2_Config
                0x08106138      0x164 ./Drivers/STM32H7xx_HAL_Driver/stm32h7xx_hal_rcc_ex.o
 .text.RCCEx_PLL3_Config
                0x0810629c      0x164 ./Drivers/STM32H7xx_HAL_Driver/stm32h7xx_hal_rcc_ex.o
 .text.HAL_UART_Init
                0x08106400       0xa0 ./Drivers/STM32H7xx_HAL_Driver/stm32h7xx_hal_uart.o
                0x08106400                HAL_UART_Init
 .text.HAL_UART_Receive_DMA
                0x081064a0       0x98 ./Drivers/STM32H7xx_HAL_Driver/stm32h7xx_hal_uart.o
                0x081064a0                HAL_UART_Receive_DMA
 .text.HAL_UART_RxHalfCpltCallback
                0x08106538       0x14 ./Drivers/STM32H7xx_HAL_Driver/stm32h7xx_hal_uart.o
                0x08106538                HAL_UART_RxHalfCpltCallback
 .text.HAL_UART_ErrorCallback
                0x0810654c       0x14 ./Drivers/STM32H7xx_HAL_Driver/stm32h7xx_hal_uart.o
                0x0810654c                HAL_UART_ErrorCallback
 .text.HAL_UARTEx_RxEventCallback
                0x08106560       0x18 ./Drivers/STM32H7xx_HAL_Driver/stm32h7xx_hal_uart.o
                0x08106560                HAL_UARTEx_RxEventCallback
 .text.UART_SetConfig
                0x08106578      0xad0 ./Drivers/STM32H7xx_HAL_Driver/stm32h7xx_hal_uart.o
                0x08106578                UART_SetConfig
 .text.UART_AdvFeatureConfig
                0x08107048      0x144 ./Drivers/STM32H7xx_HAL_Driver/stm32h7xx_hal_uart.o
                0x08107048                UART_AdvFeatureConfig
 .text.UART_CheckIdleState
                0x0810718c      0x154 ./Drivers/STM32H7xx_HAL_Driver/stm32h7xx_hal_uart.o
                0x0810718c                UART_CheckIdleState
 .text.UART_WaitOnFlagUntilTimeout
                0x081072e0       0xda ./Drivers/STM32H7xx_HAL_Driver/stm32h7xx_hal_uart.o
                0x081072e0                UART_WaitOnFlagUntilTimeout
 *fill*         0x081073ba        0x2 
 .text.UART_Start_Receive_DMA
                0x081073bc      0x14c ./Drivers/STM32H7xx_HAL_Driver/stm32h7xx_hal_uart.o
                0x081073bc                UART_Start_Receive_DMA
 .text.UART_EndTxTransfer
                0x08107508       0x82 ./Drivers/STM32H7xx_HAL_Driver/stm32h7xx_hal_uart.o
 .text.UART_EndRxTransfer
                0x0810758a       0xcc ./Drivers/STM32H7xx_HAL_Driver/stm32h7xx_hal_uart.o
 .text.UART_DMAReceiveCplt
                0x08107656      0x128 ./Drivers/STM32H7xx_HAL_Driver/stm32h7xx_hal_uart.o
 .text.UART_DMARxHalfCplt
                0x0810777e       0x3e ./Drivers/STM32H7xx_HAL_Driver/stm32h7xx_hal_uart.o
 .text.UART_DMAError
                0x081077bc       0x80 ./Drivers/STM32H7xx_HAL_Driver/stm32h7xx_hal_uart.o
 .text.HAL_UARTEx_DisableFifoMode
                0x0810783c       0x72 ./Drivers/STM32H7xx_HAL_Driver/stm32h7xx_hal_uart_ex.o
                0x0810783c                HAL_UARTEx_DisableFifoMode
 .text.HAL_UARTEx_SetTxFifoThreshold
                0x081078ae       0x7c ./Drivers/STM32H7xx_HAL_Driver/stm32h7xx_hal_uart_ex.o
                0x081078ae                HAL_UARTEx_SetTxFifoThreshold
 .text.HAL_UARTEx_SetRxFifoThreshold
                0x0810792a       0x7c ./Drivers/STM32H7xx_HAL_Driver/stm32h7xx_hal_uart_ex.o
                0x0810792a                HAL_UARTEx_SetRxFifoThreshold
 *fill*         0x081079a6        0x2 
 .text.UARTEx_SetNbDataToProcess
                0x081079a8       0x9c ./Drivers/STM32H7xx_HAL_Driver/stm32h7xx_hal_uart_ex.o
 .text.makeFreeRtosPriority
                0x08107a44       0x30 ./Middlewares/Third_Party/FreeRTOS/cmsis_os.o
 .text.osKernelStart
                0x08107a74        0xe ./Middlewares/Third_Party/FreeRTOS/cmsis_os.o
                0x08107a74                osKernelStart
 .text.osThreadCreate
                0x08107a82       0x98 ./Middlewares/Third_Party/FreeRTOS/cmsis_os.o
                0x08107a82                osThreadCreate
 .text.osDelay  0x08107b1a       0x28 ./Middlewares/Third_Party/FreeRTOS/cmsis_os.o
                0x08107b1a                osDelay
 *fill*         0x08107b42        0x2 
 .text.pvPortMalloc
                0x08107b44      0x19c ./Middlewares/Third_Party/FreeRTOS/heap_4.o
                0x08107b44                pvPortMalloc
 .text.vPortFree
                0x08107ce0       0xc8 ./Middlewares/Third_Party/FreeRTOS/heap_4.o
                0x08107ce0                vPortFree
 .text.prvHeapInit
                0x08107da8       0xc4 ./Middlewares/Third_Party/FreeRTOS/heap_4.o
 .text.prvInsertBlockIntoFreeList
                0x08107e6c       0xb4 ./Middlewares/Third_Party/FreeRTOS/heap_4.o
 .text.vListInitialise
                0x08107f20       0x40 ./Middlewares/Third_Party/FreeRTOS/list.o
                0x08107f20                vListInitialise
 .text.vListInitialiseItem
                0x08107f60       0x1a ./Middlewares/Third_Party/FreeRTOS/list.o
                0x08107f60                vListInitialiseItem
 .text.vListInsertEnd
                0x08107f7a       0x48 ./Middlewares/Third_Party/FreeRTOS/list.o
                0x08107f7a                vListInsertEnd
 .text.vListInsert
                0x08107fc2       0x72 ./Middlewares/Third_Party/FreeRTOS/list.o
                0x08107fc2                vListInsert
 .text.uxListRemove
                0x08108034       0x54 ./Middlewares/Third_Party/FreeRTOS/list.o
                0x08108034                uxListRemove
 .text.pxPortInitialiseStack
                0x08108088       0x68 ./Middlewares/Third_Party/FreeRTOS/port.o
                0x08108088                pxPortInitialiseStack
 .text.prvTaskExitError
                0x081080f0       0x5c ./Middlewares/Third_Party/FreeRTOS/port.o
 *fill*         0x0810814c        0x4 
 .text.SVC_Handler
                0x08108150       0x28 ./Middlewares/Third_Party/FreeRTOS/port.o
                0x08108150                SVC_Handler
 .text.prvPortStartFirstTask
                0x08108178       0x28 ./Middlewares/Third_Party/FreeRTOS/port.o
 .text.xPortStartScheduler
                0x081081a0      0x148 ./Middlewares/Third_Party/FreeRTOS/port.o
                0x081081a0                xPortStartScheduler
 .text.vPortEnterCritical
                0x081082e8       0x64 ./Middlewares/Third_Party/FreeRTOS/port.o
                0x081082e8                vPortEnterCritical
 .text.vPortExitCritical
                0x0810834c       0x54 ./Middlewares/Third_Party/FreeRTOS/port.o
                0x0810834c                vPortExitCritical
 .text.PendSV_Handler
                0x081083a0       0x68 ./Middlewares/Third_Party/FreeRTOS/port.o
                0x081083a0                PendSV_Handler
 .text.xPortSysTickHandler
                0x08108408       0x44 ./Middlewares/Third_Party/FreeRTOS/port.o
                0x08108408                xPortSysTickHandler
 .text.vPortSetupTimerInterrupt
                0x0810844c       0x48 ./Middlewares/Third_Party/FreeRTOS/port.o
                0x0810844c                vPortSetupTimerInterrupt
 .text.vPortEnableVFP
                0x08108494       0x14 ./Middlewares/Third_Party/FreeRTOS/port.o
 .text.xTaskCreateStatic
                0x081084a8       0xc0 ./Middlewares/Third_Party/FreeRTOS/tasks.o
                0x081084a8                xTaskCreateStatic
 .text.xTaskCreate
                0x08108568       0x8a ./Middlewares/Third_Party/FreeRTOS/tasks.o
                0x08108568                xTaskCreate
 .text.prvInitialiseNewTask
                0x081085f2      0x110 ./Middlewares/Third_Party/FreeRTOS/tasks.o
 *fill*         0x08108702        0x2 
 .text.prvAddNewTaskToReadyList
                0x08108704       0xd4 ./Middlewares/Third_Party/FreeRTOS/tasks.o
 .text.vTaskDelay
                0x081087d8       0x6c ./Middlewares/Third_Party/FreeRTOS/tasks.o
                0x081087d8                vTaskDelay
 .text.vTaskStartScheduler
                0x08108844       0xc4 ./Middlewares/Third_Party/FreeRTOS/tasks.o
                0x08108844                vTaskStartScheduler
 .text.vTaskSuspendAll
                0x08108908       0x1c ./Middlewares/Third_Party/FreeRTOS/tasks.o
                0x08108908                vTaskSuspendAll
 .text.xTaskResumeAll
                0x08108924      0x13c ./Middlewares/Third_Party/FreeRTOS/tasks.o
                0x08108924                xTaskResumeAll
 .text.xTaskIncrementTick
                0x08108a60      0x174 ./Middlewares/Third_Party/FreeRTOS/tasks.o
                0x08108a60                xTaskIncrementTick
 .text.vTaskSwitchContext
                0x08108bd4       0xb8 ./Middlewares/Third_Party/FreeRTOS/tasks.o
                0x08108bd4                vTaskSwitchContext
 .text.prvIdleTask
                0x08108c8c       0x30 ./Middlewares/Third_Party/FreeRTOS/tasks.o
 .text.prvInitialiseTaskLists
                0x08108cbc       0x80 ./Middlewares/Third_Party/FreeRTOS/tasks.o
 .text.prvCheckTasksWaitingTermination
                0x08108d3c       0x5c ./Middlewares/Third_Party/FreeRTOS/tasks.o
 .text.prvDeleteTCB
                0x08108d98       0x60 ./Middlewares/Third_Party/FreeRTOS/tasks.o
 .text.prvResetNextTaskUnblockTime
                0x08108df8       0x40 ./Middlewares/Third_Party/FreeRTOS/tasks.o
 .text.xTaskGetSchedulerState
                0x08108e38       0x3c ./Middlewares/Third_Party/FreeRTOS/tasks.o
                0x08108e38                xTaskGetSchedulerState
 .text.prvAddCurrentTaskToDelayedList
                0x08108e74       0xcc ./Middlewares/Third_Party/FreeRTOS/tasks.o
 .text.memset   0x08108f40       0x10 C:/ST/STM32CubeIDE_1.13.1/STM32CubeIDE/plugins/com.st.stm32cube.ide.mcu.externaltools.gnu-tools-for-stm32.12.3.rel1.win32_1.0.200.202406191623/tools/bin/../lib/gcc/arm-none-eabi/12.3.1/../../../../arm-none-eabi/lib/thumb/v7e-m+fp/hard\libc_nano.a(libc_a-memset.o)
                0x08108f40                memset
 .text.__libc_init_array
                0x08108f50       0x48 C:/ST/STM32CubeIDE_1.13.1/STM32CubeIDE/plugins/com.st.stm32cube.ide.mcu.externaltools.gnu-tools-for-stm32.12.3.rel1.win32_1.0.200.202406191623/tools/bin/../lib/gcc/arm-none-eabi/12.3.1/../../../../arm-none-eabi/lib/thumb/v7e-m+fp/hard\libc_nano.a(libc_a-init.o)
                0x08108f50                __libc_init_array
 .text.memcpy   0x08108f98       0x1c C:/ST/STM32CubeIDE_1.13.1/STM32CubeIDE/plugins/com.st.stm32cube.ide.mcu.externaltools.gnu-tools-for-stm32.12.3.rel1.win32_1.0.200.202406191623/tools/bin/../lib/gcc/arm-none-eabi/12.3.1/../../../../arm-none-eabi/lib/thumb/v7e-m+fp/hard\libc_nano.a(libc_a-memcpy-stub.o)
                0x08108f98                memcpy
 *(.glue_7)
 .glue_7        0x08108fb4        0x0 linker stubs
 *(.glue_7t)
 .glue_7t       0x08108fb4        0x0 linker stubs
 *(.eh_frame)
 .eh_frame      0x08108fb4        0x0 C:/ST/STM32CubeIDE_1.13.1/STM32CubeIDE/plugins/com.st.stm32cube.ide.mcu.externaltools.gnu-tools-for-stm32.12.3.rel1.win32_1.0.200.202406191623/tools/bin/../lib/gcc/arm-none-eabi/12.3.1/thumb/v7e-m+fp/hard/crtbegin.o
 *(.init)
 .init          0x08108fb4        0x4 C:/ST/STM32CubeIDE_1.13.1/STM32CubeIDE/plugins/com.st.stm32cube.ide.mcu.externaltools.gnu-tools-for-stm32.12.3.rel1.win32_1.0.200.202406191623/tools/bin/../lib/gcc/arm-none-eabi/12.3.1/thumb/v7e-m+fp/hard/crti.o
                0x08108fb4                _init
 .init          0x08108fb8        0x8 C:/ST/STM32CubeIDE_1.13.1/STM32CubeIDE/plugins/com.st.stm32cube.ide.mcu.externaltools.gnu-tools-for-stm32.12.3.rel1.win32_1.0.200.202406191623/tools/bin/../lib/gcc/arm-none-eabi/12.3.1/thumb/v7e-m+fp/hard/crtn.o
 *(.fini)
 .fini          0x08108fc0        0x4 C:/ST/STM32CubeIDE_1.13.1/STM32CubeIDE/plugins/com.st.stm32cube.ide.mcu.externaltools.gnu-tools-for-stm32.12.3.rel1.win32_1.0.200.202406191623/tools/bin/../lib/gcc/arm-none-eabi/12.3.1/thumb/v7e-m+fp/hard/crti.o
                0x08108fc0                _fini
 .fini          0x08108fc4        0x8 C:/ST/STM32CubeIDE_1.13.1/STM32CubeIDE/plugins/com.st.stm32cube.ide.mcu.externaltools.gnu-tools-for-stm32.12.3.rel1.win32_1.0.200.202406191623/tools/bin/../lib/gcc/arm-none-eabi/12.3.1/thumb/v7e-m+fp/hard/crtn.o
                0x08108fcc                        . = ALIGN (0x4)
                0x08108fcc                        _etext = .

.vfp11_veneer   0x08108fcc        0x0
 .vfp11_veneer  0x08108fcc        0x0 linker stubs

.v4_bx          0x08108fcc        0x0
 .v4_bx         0x08108fcc        0x0 linker stubs

.iplt           0x08108fcc        0x0
 .iplt          0x08108fcc        0x0 C:/ST/STM32CubeIDE_1.13.1/STM32CubeIDE/plugins/com.st.stm32cube.ide.mcu.externaltools.gnu-tools-for-stm32.12.3.rel1.win32_1.0.200.202406191623/tools/bin/../lib/gcc/arm-none-eabi/12.3.1/thumb/v7e-m+fp/hard/crtbegin.o

.rodata         0x08108fcc      0x1b0
                0x08108fcc                        . = ALIGN (0x4)
 *(.rodata)
 .rodata        0x08108fcc      0x168 ./Core/Src/freertos.o
 .rodata        0x08109134        0x5 ./Middlewares/Third_Party/FreeRTOS/tasks.o
 *(.rodata*)
 *fill*         0x08109139        0x3 
 .rodata.D1CorePrescTable
                0x0810913c       0x10 ./Common/Src/system_stm32h7xx_dualcore_boot_cm4_cm7.o
                0x0810913c                D1CorePrescTable
 .rodata.flagBitshiftOffset.0
                0x0810914c        0x8 ./Drivers/STM32H7xx_HAL_Driver/stm32h7xx_hal_dma.o
 .rodata.UARTPrescTable
                0x08109154       0x18 ./Drivers/STM32H7xx_HAL_Driver/stm32h7xx_hal_uart.o
                0x08109154                UARTPrescTable
 .rodata.numerator.1
                0x0810916c        0x8 ./Drivers/STM32H7xx_HAL_Driver/stm32h7xx_hal_uart_ex.o
 .rodata.denominator.0
                0x08109174        0x8 ./Drivers/STM32H7xx_HAL_Driver/stm32h7xx_hal_uart_ex.o
                0x0810917c                        . = ALIGN (0x4)

.ARM.extab
 *(.ARM.extab* .gnu.linkonce.armextab.*)

.ARM            0x0810917c        0x8
                0x0810917c                        __exidx_start = .
 *(.ARM.exidx*)
 .ARM.exidx     0x0810917c        0x8 C:/ST/STM32CubeIDE_1.13.1/STM32CubeIDE/plugins/com.st.stm32cube.ide.mcu.externaltools.gnu-tools-for-stm32.12.3.rel1.win32_1.0.200.202406191623/tools/bin/../lib/gcc/arm-none-eabi/12.3.1/thumb/v7e-m+fp/hard\libgcc.a(_udivmoddi4.o)
                0x08109184                        __exidx_end = .

.preinit_array  0x08109184        0x0
                0x08109184                        PROVIDE (__preinit_array_start = .)
 *(.preinit_array*)
                0x08109184                        PROVIDE (__preinit_array_end = .)

.init_array     0x08109184        0x4
                0x08109184                        PROVIDE (__init_array_start = .)
 *(SORT_BY_NAME(.init_array.*))
 *(.init_array*)
 .init_array    0x08109184        0x4 C:/ST/STM32CubeIDE_1.13.1/STM32CubeIDE/plugins/com.st.stm32cube.ide.mcu.externaltools.gnu-tools-for-stm32.12.3.rel1.win32_1.0.200.202406191623/tools/bin/../lib/gcc/arm-none-eabi/12.3.1/thumb/v7e-m+fp/hard/crtbegin.o
                0x08109188                        PROVIDE (__init_array_end = .)

.fini_array     0x08109188        0x4
                [!provide]                        PROVIDE (__fini_array_start = .)
 *(SORT_BY_NAME(.fini_array.*))
 *(.fini_array*)
 .fini_array    0x08109188        0x4 C:/ST/STM32CubeIDE_1.13.1/STM32CubeIDE/plugins/com.st.stm32cube.ide.mcu.externaltools.gnu-tools-for-stm32.12.3.rel1.win32_1.0.200.202406191623/tools/bin/../lib/gcc/arm-none-eabi/12.3.1/thumb/v7e-m+fp/hard/crtbegin.o
                [!provide]                        PROVIDE (__fini_array_end = .)
                0x0810918c                        _sidata = LOADADDR (.data)

.rel.dyn        0x0810918c        0x0
 .rel.iplt      0x0810918c        0x0 C:/ST/STM32CubeIDE_1.13.1/STM32CubeIDE/plugins/com.st.stm32cube.ide.mcu.externaltools.gnu-tools-for-stm32.12.3.rel1.win32_1.0.200.202406191623/tools/bin/../lib/gcc/arm-none-eabi/12.3.1/thumb/v7e-m+fp/hard/crtbegin.o

.data           0x10000000       0x20 load address 0x0810918c
                0x10000000                        . = ALIGN (0x4)
                0x10000000                        _sdata = .
 *(.data)
 *(.data*)
 .data.SystemCoreClock
                0x10000000        0x4 ./Common/Src/system_stm32h7xx_dualcore_boot_cm4_cm7.o
                0x10000000                SystemCoreClock
 .data.SystemD2Clock
                0x10000004        0x4 ./Common/Src/system_stm32h7xx_dualcore_boot_cm4_cm7.o
                0x10000004                SystemD2Clock
 .data.countRxData.5
                0x10000008        0x1 ./Core/Src/Middleware Layer/INS_processing.o
 .data.timer_WD_INS_t1.2
                0x10000009        0x1 ./Core/Src/Middleware Layer/INS_processing.o
 .data.timer_WD_INS_t2.1
                0x1000000a        0x1 ./Core/Src/Middleware Layer/INS_processing.o
 .data.timer_WD_INS_t3.0
                0x1000000b        0x1 ./Core/Src/Middleware Layer/INS_processing.o
 .data.sharedAngles
                0x1000000c        0x4 ./Core/Src/main.o
                0x1000000c                sharedAngles
 .data.sharedGNSS
                0x10000010        0x4 ./Core/Src/main.o
                0x10000010                sharedGNSS
 .data.uwTickPrio
                0x10000014        0x4 ./Drivers/STM32H7xx_HAL_Driver/stm32h7xx_hal.o
                0x10000014                uwTickPrio
 .data.uwTickFreq
                0x10000018        0x1 ./Drivers/STM32H7xx_HAL_Driver/stm32h7xx_hal.o
                0x10000018                uwTickFreq
 *fill*         0x10000019        0x3 
 .data.uxCriticalNesting
                0x1000001c        0x4 ./Middlewares/Third_Party/FreeRTOS/port.o
 *(.RamFunc)
 *(.RamFunc*)
                0x10000020                        . = ALIGN (0x4)
                0x10000020                        _edata = .

.igot.plt       0x10000020        0x0 load address 0x081091ac
 .igot.plt      0x10000020        0x0 C:/ST/STM32CubeIDE_1.13.1/STM32CubeIDE/plugins/com.st.stm32cube.ide.mcu.externaltools.gnu-tools-for-stm32.12.3.rel1.win32_1.0.200.202406191623/tools/bin/../lib/gcc/arm-none-eabi/12.3.1/thumb/v7e-m+fp/hard/crtbegin.o
                0x10000020                        . = ALIGN (0x4)

.bss            0x10000020     0x4218 load address 0x081091ac
                0x10000020                        _sbss = .
                0x10000020                        __bss_start__ = _sbss
 *(.bss)
 .bss           0x10000020       0x1c C:/ST/STM32CubeIDE_1.13.1/STM32CubeIDE/plugins/com.st.stm32cube.ide.mcu.externaltools.gnu-tools-for-stm32.12.3.rel1.win32_1.0.200.202406191623/tools/bin/../lib/gcc/arm-none-eabi/12.3.1/thumb/v7e-m+fp/hard/crtbegin.o
 *(.bss*)
 .bss.INS_Angles_Data_Struct
                0x1000003c       0x40 ./Core/Src/Middleware Layer/INS_processing.o
                0x1000003c                INS_Angles_Data_Struct
 .bss.INS_GNSS_Data_Struct
                0x1000007c       0x68 ./Core/Src/Middleware Layer/INS_processing.o
                0x1000007c                INS_GNSS_Data_Struct
 .bss.INS_RX_StateCurrent
                0x100000e4        0x1 ./Core/Src/Middleware Layer/INS_processing.o
                0x100000e4                INS_RX_StateCurrent
 *fill*         0x100000e5        0x3 
 .bss.INS_gaucBufferRX.8
                0x100000e8       0x66 ./Core/Src/Middleware Layer/INS_processing.o
 .bss.INS_aux_Len.7
                0x1000014e        0x1 ./Core/Src/Middleware Layer/INS_processing.o
 .bss.INS_Cpl_Data_Flag.6
                0x1000014f        0x1 ./Core/Src/Middleware Layer/INS_processing.o
 .bss.INS_WD_Counter.4
                0x10000150        0x1 ./Core/Src/Middleware Layer/INS_processing.o
 .bss.timer_WD_INS_t0.3
                0x10000151        0x1 ./Core/Src/Middleware Layer/INS_processing.o
 *fill*         0x10000152        0x2 
 .bss.Task_1Handle
                0x10000154        0x4 ./Core/Src/freertos.o
                0x10000154                Task_1Handle
 .bss.Task_2Handle
                0x10000158        0x4 ./Core/Src/freertos.o
                0x10000158                Task_2Handle
 .bss.Task_3Handle
                0x1000015c        0x4 ./Core/Src/freertos.o
                0x1000015c                Task_3Handle
 .bss.Task_4Handle
                0x10000160        0x4 ./Core/Src/freertos.o
                0x10000160                Task_4Handle
 .bss.Task_5Handle
                0x10000164        0x4 ./Core/Src/freertos.o
                0x10000164                Task_5Handle
 .bss.Task_6Handle
                0x10000168        0x4 ./Core/Src/freertos.o
                0x10000168                Task_6Handle
 .bss.Task_7Handle
                0x1000016c        0x4 ./Core/Src/freertos.o
                0x1000016c                Task_7Handle
 .bss.Task_8Handle
                0x10000170        0x4 ./Core/Src/freertos.o
                0x10000170                Task_8Handle
 .bss.Task_9Handle
                0x10000174        0x4 ./Core/Src/freertos.o
                0x10000174                Task_9Handle
 .bss.Task_10Handle
                0x10000178        0x4 ./Core/Src/freertos.o
                0x10000178                Task_10Handle
 .bss.xIdleTaskTCBBuffer
                0x1000017c       0x54 ./Core/Src/freertos.o
 .bss.xIdleStack
                0x100001d0      0x200 ./Core/Src/freertos.o
 .bss.INS_buff_Rx
                0x100003d0        0x1 ./Core/Src/usart.o
                0x100003d0                INS_buff_Rx
 *fill*         0x100003d1        0x3 
 .bss.huart6    0x100003d4       0x94 ./Core/Src/usart.o
                0x100003d4                huart6
 .bss.hdma_usart6_rx
                0x10000468       0x78 ./Core/Src/usart.o
                0x10000468                hdma_usart6_rx
 .bss.uwTick    0x100004e0        0x4 ./Drivers/STM32H7xx_HAL_Driver/stm32h7xx_hal.o
                0x100004e0                uwTick
 .bss.ucHeap    0x100004e4     0x3c00 ./Middlewares/Third_Party/FreeRTOS/heap_4.o
 .bss.xStart    0x100040e4        0x8 ./Middlewares/Third_Party/FreeRTOS/heap_4.o
 .bss.pxEnd     0x100040ec        0x4 ./Middlewares/Third_Party/FreeRTOS/heap_4.o
 .bss.xFreeBytesRemaining
                0x100040f0        0x4 ./Middlewares/Third_Party/FreeRTOS/heap_4.o
 .bss.xMinimumEverFreeBytesRemaining
                0x100040f4        0x4 ./Middlewares/Third_Party/FreeRTOS/heap_4.o
 .bss.xNumberOfSuccessfulAllocations
                0x100040f8        0x4 ./Middlewares/Third_Party/FreeRTOS/heap_4.o
 .bss.xNumberOfSuccessfulFrees
                0x100040fc        0x4 ./Middlewares/Third_Party/FreeRTOS/heap_4.o
 .bss.xBlockAllocatedBit
                0x10004100        0x4 ./Middlewares/Third_Party/FreeRTOS/heap_4.o
 .bss.ucMaxSysCallPriority
                0x10004104        0x1 ./Middlewares/Third_Party/FreeRTOS/port.o
 *fill*         0x10004105        0x3 
 .bss.ulMaxPRIGROUPValue
                0x10004108        0x4 ./Middlewares/Third_Party/FreeRTOS/port.o
 .bss.pxCurrentTCB
                0x1000410c        0x4 ./Middlewares/Third_Party/FreeRTOS/tasks.o
                0x1000410c                pxCurrentTCB
 .bss.pxReadyTasksLists
                0x10004110       0x8c ./Middlewares/Third_Party/FreeRTOS/tasks.o
 .bss.xDelayedTaskList1
                0x1000419c       0x14 ./Middlewares/Third_Party/FreeRTOS/tasks.o
 .bss.xDelayedTaskList2
                0x100041b0       0x14 ./Middlewares/Third_Party/FreeRTOS/tasks.o
 .bss.pxDelayedTaskList
                0x100041c4        0x4 ./Middlewares/Third_Party/FreeRTOS/tasks.o
 .bss.pxOverflowDelayedTaskList
                0x100041c8        0x4 ./Middlewares/Third_Party/FreeRTOS/tasks.o
 .bss.xPendingReadyList
                0x100041cc       0x14 ./Middlewares/Third_Party/FreeRTOS/tasks.o
 .bss.xTasksWaitingTermination
                0x100041e0       0x14 ./Middlewares/Third_Party/FreeRTOS/tasks.o
 .bss.uxDeletedTasksWaitingCleanUp
                0x100041f4        0x4 ./Middlewares/Third_Party/FreeRTOS/tasks.o
 .bss.xSuspendedTaskList
                0x100041f8       0x14 ./Middlewares/Third_Party/FreeRTOS/tasks.o
 .bss.uxCurrentNumberOfTasks
                0x1000420c        0x4 ./Middlewares/Third_Party/FreeRTOS/tasks.o
 .bss.xTickCount
                0x10004210        0x4 ./Middlewares/Third_Party/FreeRTOS/tasks.o
 .bss.uxTopReadyPriority
                0x10004214        0x4 ./Middlewares/Third_Party/FreeRTOS/tasks.o
 .bss.xSchedulerRunning
                0x10004218        0x4 ./Middlewares/Third_Party/FreeRTOS/tasks.o
 .bss.xPendedTicks
                0x1000421c        0x4 ./Middlewares/Third_Party/FreeRTOS/tasks.o
 .bss.xYieldPending
                0x10004220        0x4 ./Middlewares/Third_Party/FreeRTOS/tasks.o
 .bss.xNumOfOverflows
                0x10004224        0x4 ./Middlewares/Third_Party/FreeRTOS/tasks.o
 .bss.uxTaskNumber
                0x10004228        0x4 ./Middlewares/Third_Party/FreeRTOS/tasks.o
 .bss.xNextTaskUnblockTime
                0x1000422c        0x4 ./Middlewares/Third_Party/FreeRTOS/tasks.o
 .bss.xIdleTaskHandle
                0x10004230        0x4 ./Middlewares/Third_Party/FreeRTOS/tasks.o
 .bss.uxSchedulerSuspended
                0x10004234        0x4 ./Middlewares/Third_Party/FreeRTOS/tasks.o
 *(COMMON)
                0x10004238                        . = ALIGN (0x4)
                0x10004238                        _ebss = .
                0x10004238                        __bss_end__ = _ebss

._user_heap_stack
                0x10004238      0x600 load address 0x081091ac
                0x10004238                        . = ALIGN (0x8)
                [!provide]                        PROVIDE (end = .)
                0x10004238                        PROVIDE (_end = .)
                0x10004438                        . = (. + _Min_Heap_Size)
 *fill*         0x10004238      0x200 
                0x10004838                        . = (. + _Min_Stack_Size)
 *fill*         0x10004438      0x400 
                0x10004838                        . = ALIGN (0x8)

/DISCARD/
 libc.a(*)
 libm.a(*)
 libgcc.a(*)

.ARM.attributes
                0x00000000       0x30
 *(.ARM.attributes)
 .ARM.attributes
                0x00000000       0x22 C:/ST/STM32CubeIDE_1.13.1/STM32CubeIDE/plugins/com.st.stm32cube.ide.mcu.externaltools.gnu-tools-for-stm32.12.3.rel1.win32_1.0.200.202406191623/tools/bin/../lib/gcc/arm-none-eabi/12.3.1/thumb/v7e-m+fp/hard/crti.o
 .ARM.attributes
                0x00000022       0x34 C:/ST/STM32CubeIDE_1.13.1/STM32CubeIDE/plugins/com.st.stm32cube.ide.mcu.externaltools.gnu-tools-for-stm32.12.3.rel1.win32_1.0.200.202406191623/tools/bin/../lib/gcc/arm-none-eabi/12.3.1/thumb/v7e-m+fp/hard/crtbegin.o
 .ARM.attributes
                0x00000056       0x34 ./Common/Src/system_stm32h7xx_dualcore_boot_cm4_cm7.o
 .ARM.attributes
                0x0000008a       0x34 ./Core/Src/Middleware Layer/INS_processing.o
 .ARM.attributes
                0x000000be       0x34 ./Core/Src/RTOS Layer/Task_manager.o
 .ARM.attributes
                0x000000f2       0x34 ./Core/Src/dma.o
 .ARM.attributes
                0x00000126       0x34 ./Core/Src/freertos.o
 .ARM.attributes
                0x0000015a       0x34 ./Core/Src/gpio.o
 .ARM.attributes
                0x0000018e       0x34 ./Core/Src/main.o
 .ARM.attributes
                0x000001c2       0x34 ./Core/Src/stm32h7xx_hal_msp.o
 .ARM.attributes
                0x000001f6       0x34 ./Core/Src/stm32h7xx_it.o
 .ARM.attributes
                0x0000022a       0x34 ./Core/Src/usart.o
 .ARM.attributes
                0x0000025e       0x21 ./Core/Startup/startup_stm32h755zitx.o
 .ARM.attributes
                0x0000027f       0x34 ./Drivers/STM32H7xx_HAL_Driver/stm32h7xx_hal.o
 .ARM.attributes
                0x000002b3       0x34 ./Drivers/STM32H7xx_HAL_Driver/stm32h7xx_hal_cortex.o
 .ARM.attributes
                0x000002e7       0x34 ./Drivers/STM32H7xx_HAL_Driver/stm32h7xx_hal_dma.o
 .ARM.attributes
                0x0000031b       0x34 ./Drivers/STM32H7xx_HAL_Driver/stm32h7xx_hal_gpio.o
 .ARM.attributes
                0x0000034f       0x34 ./Drivers/STM32H7xx_HAL_Driver/stm32h7xx_hal_hsem.o
 .ARM.attributes
                0x00000383       0x34 ./Drivers/STM32H7xx_HAL_Driver/stm32h7xx_hal_pwr_ex.o
 .ARM.attributes
                0x000003b7       0x34 ./Drivers/STM32H7xx_HAL_Driver/stm32h7xx_hal_rcc.o
 .ARM.attributes
                0x000003eb       0x34 ./Drivers/STM32H7xx_HAL_Driver/stm32h7xx_hal_rcc_ex.o
 .ARM.attributes
                0x0000041f       0x34 ./Drivers/STM32H7xx_HAL_Driver/stm32h7xx_hal_uart.o
 .ARM.attributes
                0x00000453       0x34 ./Drivers/STM32H7xx_HAL_Driver/stm32h7xx_hal_uart_ex.o
 .ARM.attributes
                0x00000487       0x34 ./Middlewares/Third_Party/FreeRTOS/cmsis_os.o
 .ARM.attributes
                0x000004bb       0x34 ./Middlewares/Third_Party/FreeRTOS/heap_4.o
 .ARM.attributes
                0x000004ef       0x34 ./Middlewares/Third_Party/FreeRTOS/list.o
 .ARM.attributes
                0x00000523       0x34 ./Middlewares/Third_Party/FreeRTOS/port.o
 .ARM.attributes
                0x00000557       0x34 ./Middlewares/Third_Party/FreeRTOS/tasks.o
 .ARM.attributes
                0x0000058b       0x34 C:/ST/STM32CubeIDE_1.13.1/STM32CubeIDE/plugins/com.st.stm32cube.ide.mcu.externaltools.gnu-tools-for-stm32.12.3.rel1.win32_1.0.200.202406191623/tools/bin/../lib/gcc/arm-none-eabi/12.3.1/../../../../arm-none-eabi/lib/thumb/v7e-m+fp/hard\libc_nano.a(libc_a-memset.o)
 .ARM.attributes
                0x000005bf       0x34 C:/ST/STM32CubeIDE_1.13.1/STM32CubeIDE/plugins/com.st.stm32cube.ide.mcu.externaltools.gnu-tools-for-stm32.12.3.rel1.win32_1.0.200.202406191623/tools/bin/../lib/gcc/arm-none-eabi/12.3.1/../../../../arm-none-eabi/lib/thumb/v7e-m+fp/hard\libc_nano.a(libc_a-init.o)
 .ARM.attributes
                0x000005f3       0x34 C:/ST/STM32CubeIDE_1.13.1/STM32CubeIDE/plugins/com.st.stm32cube.ide.mcu.externaltools.gnu-tools-for-stm32.12.3.rel1.win32_1.0.200.202406191623/tools/bin/../lib/gcc/arm-none-eabi/12.3.1/../../../../arm-none-eabi/lib/thumb/v7e-m+fp/hard\libc_nano.a(libc_a-memcpy-stub.o)
 .ARM.attributes
                0x00000627       0x22 C:/ST/STM32CubeIDE_1.13.1/STM32CubeIDE/plugins/com.st.stm32cube.ide.mcu.externaltools.gnu-tools-for-stm32.12.3.rel1.win32_1.0.200.202406191623/tools/bin/../lib/gcc/arm-none-eabi/12.3.1/thumb/v7e-m+fp/hard\libgcc.a(_aeabi_uldivmod.o)
 .ARM.attributes
                0x00000649       0x34 C:/ST/STM32CubeIDE_1.13.1/STM32CubeIDE/plugins/com.st.stm32cube.ide.mcu.externaltools.gnu-tools-for-stm32.12.3.rel1.win32_1.0.200.202406191623/tools/bin/../lib/gcc/arm-none-eabi/12.3.1/thumb/v7e-m+fp/hard\libgcc.a(_udivmoddi4.o)
 .ARM.attributes
                0x0000067d       0x22 C:/ST/STM32CubeIDE_1.13.1/STM32CubeIDE/plugins/com.st.stm32cube.ide.mcu.externaltools.gnu-tools-for-stm32.12.3.rel1.win32_1.0.200.202406191623/tools/bin/../lib/gcc/arm-none-eabi/12.3.1/thumb/v7e-m+fp/hard\libgcc.a(_dvmd_tls.o)
 .ARM.attributes
                0x0000069f       0x22 C:/ST/STM32CubeIDE_1.13.1/STM32CubeIDE/plugins/com.st.stm32cube.ide.mcu.externaltools.gnu-tools-for-stm32.12.3.rel1.win32_1.0.200.202406191623/tools/bin/../lib/gcc/arm-none-eabi/12.3.1/thumb/v7e-m+fp/hard/crtn.o
OUTPUT(H755_CM4.elf elf32-littlearm)
LOAD linker stubs
LOAD C:/ST/STM32CubeIDE_1.13.1/STM32CubeIDE/plugins/com.st.stm32cube.ide.mcu.externaltools.gnu-tools-for-stm32.12.3.rel1.win32_1.0.200.202406191623/tools/bin/../lib/gcc/arm-none-eabi/12.3.1/../../../../arm-none-eabi/lib/thumb/v7e-m+fp/hard\libc.a
LOAD C:/ST/STM32CubeIDE_1.13.1/STM32CubeIDE/plugins/com.st.stm32cube.ide.mcu.externaltools.gnu-tools-for-stm32.12.3.rel1.win32_1.0.200.202406191623/tools/bin/../lib/gcc/arm-none-eabi/12.3.1/../../../../arm-none-eabi/lib/thumb/v7e-m+fp/hard\libm.a
LOAD C:/ST/STM32CubeIDE_1.13.1/STM32CubeIDE/plugins/com.st.stm32cube.ide.mcu.externaltools.gnu-tools-for-stm32.12.3.rel1.win32_1.0.200.202406191623/tools/bin/../lib/gcc/arm-none-eabi/12.3.1/thumb/v7e-m+fp/hard\libgcc.a

.debug_info     0x00000000    0x16a1d
 .debug_info    0x00000000      0x761 ./Common/Src/system_stm32h7xx_dualcore_boot_cm4_cm7.o
 .debug_info    0x00000761      0x6b6 ./Core/Src/Middleware Layer/INS_processing.o
 .debug_info    0x00000e17      0x1db ./Core/Src/RTOS Layer/Task_manager.o
 .debug_info    0x00000ff2      0x847 ./Core/Src/dma.o
 .debug_info    0x00001839      0xa12 ./Core/Src/freertos.o
 .debug_info    0x0000224b      0x5f7 ./Core/Src/gpio.o
 .debug_info    0x00002842      0xea2 ./Core/Src/main.o
 .debug_info    0x000036e4      0x847 ./Core/Src/stm32h7xx_hal_msp.o
 .debug_info    0x00003f2b      0x462 ./Core/Src/stm32h7xx_it.o
 .debug_info    0x0000438d     0x11cd ./Core/Src/usart.o
 .debug_info    0x0000555a       0x30 ./Core/Startup/startup_stm32h755zitx.o
 .debug_info    0x0000558a     0x17b6 ./Drivers/STM32H7xx_HAL_Driver/stm32h7xx_hal.o
 .debug_info    0x00006d40      0xf2d ./Drivers/STM32H7xx_HAL_Driver/stm32h7xx_hal_cortex.o
 .debug_info    0x00007c6d      0xc39 ./Drivers/STM32H7xx_HAL_Driver/stm32h7xx_hal_dma.o
 .debug_info    0x000088a6      0xcf7 ./Drivers/STM32H7xx_HAL_Driver/stm32h7xx_hal_gpio.o
 .debug_info    0x0000959d      0x3d3 ./Drivers/STM32H7xx_HAL_Driver/stm32h7xx_hal_hsem.o
 .debug_info    0x00009970     0x1026 ./Drivers/STM32H7xx_HAL_Driver/stm32h7xx_hal_pwr_ex.o
 .debug_info    0x0000a996      0xe58 ./Drivers/STM32H7xx_HAL_Driver/stm32h7xx_hal_rcc.o
 .debug_info    0x0000b7ee     0x12f4 ./Drivers/STM32H7xx_HAL_Driver/stm32h7xx_hal_rcc_ex.o
 .debug_info    0x0000cae2     0x4b13 ./Drivers/STM32H7xx_HAL_Driver/stm32h7xx_hal_uart.o
 .debug_info    0x000115f5      0xfbf ./Drivers/STM32H7xx_HAL_Driver/stm32h7xx_hal_uart_ex.o
 .debug_info    0x000125b4     0x1b60 ./Middlewares/Third_Party/FreeRTOS/cmsis_os.o
 .debug_info    0x00014114      0x4d5 ./Middlewares/Third_Party/FreeRTOS/heap_4.o
 .debug_info    0x000145e9      0x2af ./Middlewares/Third_Party/FreeRTOS/list.o
 .debug_info    0x00014898      0x4de ./Middlewares/Third_Party/FreeRTOS/port.o
 .debug_info    0x00014d76     0x1ca7 ./Middlewares/Third_Party/FreeRTOS/tasks.o

.debug_abbrev   0x00000000     0x3682
 .debug_abbrev  0x00000000      0x138 ./Common/Src/system_stm32h7xx_dualcore_boot_cm4_cm7.o
 .debug_abbrev  0x00000138      0x1ba ./Core/Src/Middleware Layer/INS_processing.o
 .debug_abbrev  0x000002f2       0x76 ./Core/Src/RTOS Layer/Task_manager.o
 .debug_abbrev  0x00000368      0x11e ./Core/Src/dma.o
 .debug_abbrev  0x00000486      0x200 ./Core/Src/freertos.o
 .debug_abbrev  0x00000686      0x182 ./Core/Src/gpio.o
 .debug_abbrev  0x00000808      0x2c8 ./Core/Src/main.o
 .debug_abbrev  0x00000ad0      0x11e ./Core/Src/stm32h7xx_hal_msp.o
 .debug_abbrev  0x00000bee      0x195 ./Core/Src/stm32h7xx_it.o
 .debug_abbrev  0x00000d83      0x258 ./Core/Src/usart.o
 .debug_abbrev  0x00000fdb       0x24 ./Core/Startup/startup_stm32h755zitx.o
 .debug_abbrev  0x00000fff      0x29f ./Drivers/STM32H7xx_HAL_Driver/stm32h7xx_hal.o
 .debug_abbrev  0x0000129e      0x337 ./Drivers/STM32H7xx_HAL_Driver/stm32h7xx_hal_cortex.o
 .debug_abbrev  0x000015d5      0x248 ./Drivers/STM32H7xx_HAL_Driver/stm32h7xx_hal_dma.o
 .debug_abbrev  0x0000181d      0x1fe ./Drivers/STM32H7xx_HAL_Driver/stm32h7xx_hal_gpio.o
 .debug_abbrev  0x00001a1b      0x1d3 ./Drivers/STM32H7xx_HAL_Driver/stm32h7xx_hal_hsem.o
 .debug_abbrev  0x00001bee      0x2d6 ./Drivers/STM32H7xx_HAL_Driver/stm32h7xx_hal_pwr_ex.o
 .debug_abbrev  0x00001ec4      0x2c8 ./Drivers/STM32H7xx_HAL_Driver/stm32h7xx_hal_rcc.o
 .debug_abbrev  0x0000218c      0x269 ./Drivers/STM32H7xx_HAL_Driver/stm32h7xx_hal_rcc_ex.o
 .debug_abbrev  0x000023f5      0x33d ./Drivers/STM32H7xx_HAL_Driver/stm32h7xx_hal_uart.o
 .debug_abbrev  0x00002732      0x2d2 ./Drivers/STM32H7xx_HAL_Driver/stm32h7xx_hal_uart_ex.o
 .debug_abbrev  0x00002a04      0x3b7 ./Middlewares/Third_Party/FreeRTOS/cmsis_os.o
 .debug_abbrev  0x00002dbb      0x21d ./Middlewares/Third_Party/FreeRTOS/heap_4.o
 .debug_abbrev  0x00002fd8       0xf5 ./Middlewares/Third_Party/FreeRTOS/list.o
 .debug_abbrev  0x000030cd      0x25c ./Middlewares/Third_Party/FreeRTOS/port.o
 .debug_abbrev  0x00003329      0x359 ./Middlewares/Third_Party/FreeRTOS/tasks.o

.debug_aranges  0x00000000     0x1208
 .debug_aranges
                0x00000000       0x28 ./Common/Src/system_stm32h7xx_dualcore_boot_cm4_cm7.o
 .debug_aranges
                0x00000028       0x30 ./Core/Src/Middleware Layer/INS_processing.o
 .debug_aranges
                0x00000058       0xb8 ./Core/Src/RTOS Layer/Task_manager.o
 .debug_aranges
                0x00000110       0x20 ./Core/Src/dma.o
 .debug_aranges
                0x00000130       0x78 ./Core/Src/freertos.o
 .debug_aranges
                0x000001a8       0x20 ./Core/Src/gpio.o
 .debug_aranges
                0x000001c8       0x30 ./Core/Src/main.o
 .debug_aranges
                0x000001f8       0x20 ./Core/Src/stm32h7xx_hal_msp.o
 .debug_aranges
                0x00000218       0x60 ./Core/Src/stm32h7xx_it.o
 .debug_aranges
                0x00000278       0x40 ./Core/Src/usart.o
 .debug_aranges
                0x000002b8       0x28 ./Core/Startup/startup_stm32h755zitx.o
 .debug_aranges
                0x000002e0      0x200 ./Drivers/STM32H7xx_HAL_Driver/stm32h7xx_hal.o
 .debug_aranges
                0x000004e0      0x130 ./Drivers/STM32H7xx_HAL_Driver/stm32h7xx_hal_cortex.o
 .debug_aranges
                0x00000610       0xa0 ./Drivers/STM32H7xx_HAL_Driver/stm32h7xx_hal_dma.o
 .debug_aranges
                0x000006b0       0x58 ./Drivers/STM32H7xx_HAL_Driver/stm32h7xx_hal_gpio.o
 .debug_aranges
                0x00000708       0x70 ./Drivers/STM32H7xx_HAL_Driver/stm32h7xx_hal_hsem.o
 .debug_aranges
                0x00000778      0x170 ./Drivers/STM32H7xx_HAL_Driver/stm32h7xx_hal_pwr_ex.o
 .debug_aranges
                0x000008e8       0x88 ./Drivers/STM32H7xx_HAL_Driver/stm32h7xx_hal_rcc.o
 .debug_aranges
                0x00000970      0x100 ./Drivers/STM32H7xx_HAL_Driver/stm32h7xx_hal_rcc_ex.o
 .debug_aranges
                0x00000a70      0x248 ./Drivers/STM32H7xx_HAL_Driver/stm32h7xx_hal_uart.o
 .debug_aranges
                0x00000cb8       0xa8 ./Drivers/STM32H7xx_HAL_Driver/stm32h7xx_hal_uart_ex.o
 .debug_aranges
                0x00000d60      0x1d8 ./Middlewares/Third_Party/FreeRTOS/cmsis_os.o
 .debug_aranges
                0x00000f38       0x58 ./Middlewares/Third_Party/FreeRTOS/heap_4.o
 .debug_aranges
                0x00000f90       0x40 ./Middlewares/Third_Party/FreeRTOS/list.o
 .debug_aranges
                0x00000fd0       0x80 ./Middlewares/Third_Party/FreeRTOS/port.o
 .debug_aranges
                0x00001050      0x1b8 ./Middlewares/Third_Party/FreeRTOS/tasks.o

.debug_rnglists
                0x00000000      0xdbc
 .debug_rnglists
                0x00000000       0x1a ./Common/Src/system_stm32h7xx_dualcore_boot_cm4_cm7.o
 .debug_rnglists
                0x0000001a       0x22 ./Core/Src/Middleware Layer/INS_processing.o
 .debug_rnglists
                0x0000003c       0x85 ./Core/Src/RTOS Layer/Task_manager.o
 .debug_rnglists
                0x000000c1       0x13 ./Core/Src/dma.o
 .debug_rnglists
                0x000000d4       0x56 ./Core/Src/freertos.o
 .debug_rnglists
                0x0000012a       0x14 ./Core/Src/gpio.o
 .debug_rnglists
                0x0000013e       0x20 ./Core/Src/main.o
 .debug_rnglists
                0x0000015e       0x13 ./Core/Src/stm32h7xx_hal_msp.o
 .debug_rnglists
                0x00000171       0x43 ./Core/Src/stm32h7xx_it.o
 .debug_rnglists
                0x000001b4       0x2d ./Core/Src/usart.o
 .debug_rnglists
                0x000001e1       0x19 ./Core/Startup/startup_stm32h755zitx.o
 .debug_rnglists
                0x000001fa      0x181 ./Drivers/STM32H7xx_HAL_Driver/stm32h7xx_hal.o
 .debug_rnglists
                0x0000037b       0xe0 ./Drivers/STM32H7xx_HAL_Driver/stm32h7xx_hal_cortex.o
 .debug_rnglists
                0x0000045b       0x82 ./Drivers/STM32H7xx_HAL_Driver/stm32h7xx_hal_dma.o
 .debug_rnglists
                0x000004dd       0x3f ./Drivers/STM32H7xx_HAL_Driver/stm32h7xx_hal_gpio.o
 .debug_rnglists
                0x0000051c       0x4f ./Drivers/STM32H7xx_HAL_Driver/stm32h7xx_hal_hsem.o
 .debug_rnglists
                0x0000056b      0x117 ./Drivers/STM32H7xx_HAL_Driver/stm32h7xx_hal_pwr_ex.o
 .debug_rnglists
                0x00000682       0x68 ./Drivers/STM32H7xx_HAL_Driver/stm32h7xx_hal_rcc.o
 .debug_rnglists
                0x000006ea       0xc6 ./Drivers/STM32H7xx_HAL_Driver/stm32h7xx_hal_rcc_ex.o
 .debug_rnglists
                0x000007b0      0x1fa ./Drivers/STM32H7xx_HAL_Driver/stm32h7xx_hal_uart.o
 .debug_rnglists
                0x000009aa       0x7f ./Drivers/STM32H7xx_HAL_Driver/stm32h7xx_hal_uart_ex.o
 .debug_rnglists
                0x00000a29      0x16a ./Middlewares/Third_Party/FreeRTOS/cmsis_os.o
 .debug_rnglists
                0x00000b93       0x42 ./Middlewares/Third_Party/FreeRTOS/heap_4.o
 .debug_rnglists
                0x00000bd5       0x2b ./Middlewares/Third_Party/FreeRTOS/list.o
 .debug_rnglists
                0x00000c00       0x5d ./Middlewares/Third_Party/FreeRTOS/port.o
 .debug_rnglists
                0x00000c5d      0x15f ./Middlewares/Third_Party/FreeRTOS/tasks.o

.debug_macro    0x00000000    0x3be13
 .debug_macro   0x00000000      0x296 ./Common/Src/system_stm32h7xx_dualcore_boot_cm4_cm7.o
 .debug_macro   0x00000296      0xaba ./Common/Src/system_stm32h7xx_dualcore_boot_cm4_cm7.o
 .debug_macro   0x00000d50       0x2e ./Common/Src/system_stm32h7xx_dualcore_boot_cm4_cm7.o
 .debug_macro   0x00000d7e       0x3b ./Common/Src/system_stm32h7xx_dualcore_boot_cm4_cm7.o
 .debug_macro   0x00000db9       0x22 ./Common/Src/system_stm32h7xx_dualcore_boot_cm4_cm7.o
 .debug_macro   0x00000ddb       0x8e ./Common/Src/system_stm32h7xx_dualcore_boot_cm4_cm7.o
 .debug_macro   0x00000e69       0x51 ./Common/Src/system_stm32h7xx_dualcore_boot_cm4_cm7.o
 .debug_macro   0x00000eba      0x103 ./Common/Src/system_stm32h7xx_dualcore_boot_cm4_cm7.o
 .debug_macro   0x00000fbd       0x6a ./Common/Src/system_stm32h7xx_dualcore_boot_cm4_cm7.o
 .debug_macro   0x00001027      0x1df ./Common/Src/system_stm32h7xx_dualcore_boot_cm4_cm7.o
 .debug_macro   0x00001206       0x1c ./Common/Src/system_stm32h7xx_dualcore_boot_cm4_cm7.o
 .debug_macro   0x00001222       0x22 ./Common/Src/system_stm32h7xx_dualcore_boot_cm4_cm7.o
 .debug_macro   0x00001244       0xfb ./Common/Src/system_stm32h7xx_dualcore_boot_cm4_cm7.o
 .debug_macro   0x0000133f     0x1011 ./Common/Src/system_stm32h7xx_dualcore_boot_cm4_cm7.o
 .debug_macro   0x00002350      0x11f ./Common/Src/system_stm32h7xx_dualcore_boot_cm4_cm7.o
 .debug_macro   0x0000246f    0x273eb ./Common/Src/system_stm32h7xx_dualcore_boot_cm4_cm7.o
 .debug_macro   0x0002985a       0x6d ./Common/Src/system_stm32h7xx_dualcore_boot_cm4_cm7.o
 .debug_macro   0x000298c7      0x232 ./Common/Src/system_stm32h7xx_dualcore_boot_cm4_cm7.o
 .debug_macro   0x00029af9     0x3d79 ./Common/Src/system_stm32h7xx_dualcore_boot_cm4_cm7.o
 .debug_macro   0x0002d872      0x189 ./Common/Src/system_stm32h7xx_dualcore_boot_cm4_cm7.o
 .debug_macro   0x0002d9fb       0x61 ./Common/Src/system_stm32h7xx_dualcore_boot_cm4_cm7.o
 .debug_macro   0x0002da5c       0x2a ./Common/Src/system_stm32h7xx_dualcore_boot_cm4_cm7.o
 .debug_macro   0x0002da86       0x43 ./Common/Src/system_stm32h7xx_dualcore_boot_cm4_cm7.o
 .debug_macro   0x0002dac9       0x34 ./Common/Src/system_stm32h7xx_dualcore_boot_cm4_cm7.o
 .debug_macro   0x0002dafd       0x16 ./Common/Src/system_stm32h7xx_dualcore_boot_cm4_cm7.o
 .debug_macro   0x0002db13       0x43 ./Common/Src/system_stm32h7xx_dualcore_boot_cm4_cm7.o
 .debug_macro   0x0002db56       0x34 ./Common/Src/system_stm32h7xx_dualcore_boot_cm4_cm7.o
 .debug_macro   0x0002db8a       0x10 ./Common/Src/system_stm32h7xx_dualcore_boot_cm4_cm7.o
 .debug_macro   0x0002db9a       0x58 ./Common/Src/system_stm32h7xx_dualcore_boot_cm4_cm7.o
 .debug_macro   0x0002dbf2       0x8e ./Common/Src/system_stm32h7xx_dualcore_boot_cm4_cm7.o
 .debug_macro   0x0002dc80       0x1c ./Common/Src/system_stm32h7xx_dualcore_boot_cm4_cm7.o
 .debug_macro   0x0002dc9c      0x177 ./Common/Src/system_stm32h7xx_dualcore_boot_cm4_cm7.o
 .debug_macro   0x0002de13      0x369 ./Common/Src/system_stm32h7xx_dualcore_boot_cm4_cm7.o
 .debug_macro   0x0002e17c      0x19b ./Common/Src/system_stm32h7xx_dualcore_boot_cm4_cm7.o
 .debug_macro   0x0002e317       0x5d ./Common/Src/system_stm32h7xx_dualcore_boot_cm4_cm7.o
 .debug_macro   0x0002e374     0x3b99 ./Common/Src/system_stm32h7xx_dualcore_boot_cm4_cm7.o
 .debug_macro   0x00031f0d     0x1072 ./Common/Src/system_stm32h7xx_dualcore_boot_cm4_cm7.o
 .debug_macro   0x00032f7f      0x154 ./Common/Src/system_stm32h7xx_dualcore_boot_cm4_cm7.o
 .debug_macro   0x000330d3      0x130 ./Common/Src/system_stm32h7xx_dualcore_boot_cm4_cm7.o
 .debug_macro   0x00033203      0x3c2 ./Common/Src/system_stm32h7xx_dualcore_boot_cm4_cm7.o
 .debug_macro   0x000335c5       0xac ./Common/Src/system_stm32h7xx_dualcore_boot_cm4_cm7.o
 .debug_macro   0x00033671      0x72d ./Common/Src/system_stm32h7xx_dualcore_boot_cm4_cm7.o
 .debug_macro   0x00033d9e      0x228 ./Common/Src/system_stm32h7xx_dualcore_boot_cm4_cm7.o
 .debug_macro   0x00033fc6       0x66 ./Common/Src/system_stm32h7xx_dualcore_boot_cm4_cm7.o
 .debug_macro   0x0003402c      0x3bb ./Common/Src/system_stm32h7xx_dualcore_boot_cm4_cm7.o
 .debug_macro   0x000343e7      0x407 ./Common/Src/system_stm32h7xx_dualcore_boot_cm4_cm7.o
 .debug_macro   0x000347ee      0x244 ./Common/Src/system_stm32h7xx_dualcore_boot_cm4_cm7.o
 .debug_macro   0x00034a32      0x3ca ./Common/Src/system_stm32h7xx_dualcore_boot_cm4_cm7.o
 .debug_macro   0x00034dfc      0x4a2 ./Common/Src/system_stm32h7xx_dualcore_boot_cm4_cm7.o
 .debug_macro   0x0003529e       0x51 ./Common/Src/system_stm32h7xx_dualcore_boot_cm4_cm7.o
 .debug_macro   0x000352ef       0x4a ./Common/Src/system_stm32h7xx_dualcore_boot_cm4_cm7.o
 .debug_macro   0x00035339      0x22c ./Common/Src/system_stm32h7xx_dualcore_boot_cm4_cm7.o
 .debug_macro   0x00035565       0x67 ./Common/Src/system_stm32h7xx_dualcore_boot_cm4_cm7.o
 .debug_macro   0x000355cc       0xa5 ./Common/Src/system_stm32h7xx_dualcore_boot_cm4_cm7.o
 .debug_macro   0x00035671      0x218 ./Common/Src/system_stm32h7xx_dualcore_boot_cm4_cm7.o
 .debug_macro   0x00035889      0x2ea ./Common/Src/system_stm32h7xx_dualcore_boot_cm4_cm7.o
 .debug_macro   0x00035b73       0x35 ./Common/Src/system_stm32h7xx_dualcore_boot_cm4_cm7.o
 .debug_macro   0x00035ba8      0x693 ./Common/Src/system_stm32h7xx_dualcore_boot_cm4_cm7.o
 .debug_macro   0x0003623b       0xa6 ./Common/Src/system_stm32h7xx_dualcore_boot_cm4_cm7.o
 .debug_macro   0x000362e1      0x798 ./Common/Src/system_stm32h7xx_dualcore_boot_cm4_cm7.o
 .debug_macro   0x00036a79      0x346 ./Core/Src/Middleware Layer/INS_processing.o
 .debug_macro   0x00036dbf       0x16 ./Core/Src/Middleware Layer/INS_processing.o
 .debug_macro   0x00036dd5       0x9e ./Core/Src/Middleware Layer/INS_processing.o
 .debug_macro   0x00036e73      0x10b ./Core/Src/Middleware Layer/INS_processing.o
 .debug_macro   0x00036f7e       0x10 ./Core/Src/Middleware Layer/INS_processing.o
 .debug_macro   0x00036f8e       0x16 ./Core/Src/Middleware Layer/INS_processing.o
 .debug_macro   0x00036fa4       0x16 ./Core/Src/Middleware Layer/INS_processing.o
 .debug_macro   0x00036fba      0x146 ./Core/Src/Middleware Layer/INS_processing.o
 .debug_macro   0x00037100       0x16 ./Core/Src/Middleware Layer/INS_processing.o
 .debug_macro   0x00037116       0x35 ./Core/Src/Middleware Layer/INS_processing.o
 .debug_macro   0x0003714b       0x20 ./Core/Src/Middleware Layer/INS_processing.o
 .debug_macro   0x0003716b       0x10 ./Core/Src/Middleware Layer/INS_processing.o
 .debug_macro   0x0003717b       0x58 ./Core/Src/Middleware Layer/INS_processing.o
 .debug_macro   0x000371d3      0x348 ./Core/Src/RTOS Layer/Task_manager.o
 .debug_macro   0x0003751b       0x1c ./Core/Src/RTOS Layer/Task_manager.o
 .debug_macro   0x00037537       0x1c ./Core/Src/RTOS Layer/Task_manager.o
 .debug_macro   0x00037553      0x2af ./Core/Src/dma.o
 .debug_macro   0x00037802      0x358 ./Core/Src/freertos.o
 .debug_macro   0x00037b5a       0xe4 ./Core/Src/freertos.o
 .debug_macro   0x00037c3e      0x15a ./Core/Src/freertos.o
 .debug_macro   0x00037d98       0xde ./Core/Src/freertos.o
 .debug_macro   0x00037e76       0x1c ./Core/Src/freertos.o
 .debug_macro   0x00037e92       0x26 ./Core/Src/freertos.o
 .debug_macro   0x00037eb8      0x504 ./Core/Src/freertos.o
 .debug_macro   0x000383bc       0xb5 ./Core/Src/freertos.o
 .debug_macro   0x00038471       0xaa ./Core/Src/freertos.o
 .debug_macro   0x0003851b       0x91 ./Core/Src/freertos.o
 .debug_macro   0x000385ac       0x8d ./Core/Src/freertos.o
 .debug_macro   0x00038639       0x7e ./Core/Src/freertos.o
 .debug_macro   0x000386b7       0x19 ./Core/Src/freertos.o
 .debug_macro   0x000386d0       0xf2 ./Core/Src/freertos.o
 .debug_macro   0x000387c2      0x2b4 ./Core/Src/gpio.o
 .debug_macro   0x00038a76       0x10 ./Core/Src/gpio.o
 .debug_macro   0x00038a86      0x420 ./Core/Src/main.o
 .debug_macro   0x00038ea6       0xe4 ./Core/Src/main.o
 .debug_macro   0x00038f8a       0x16 ./Core/Src/main.o
 .debug_macro   0x00038fa0      0x2a5 ./Core/Src/stm32h7xx_hal_msp.o
 .debug_macro   0x00039245      0x317 ./Core/Src/stm32h7xx_it.o
 .debug_macro   0x0003955c      0x33a ./Core/Src/usart.o
 .debug_macro   0x00039896      0x2c0 ./Drivers/STM32H7xx_HAL_Driver/stm32h7xx_hal.o
 .debug_macro   0x00039b56      0x296 ./Drivers/STM32H7xx_HAL_Driver/stm32h7xx_hal_cortex.o
 .debug_macro   0x00039dec      0x2ea ./Drivers/STM32H7xx_HAL_Driver/stm32h7xx_hal_dma.o
 .debug_macro   0x0003a0d6      0x2aa ./Drivers/STM32H7xx_HAL_Driver/stm32h7xx_hal_gpio.o
 .debug_macro   0x0003a380      0x2a8 ./Drivers/STM32H7xx_HAL_Driver/stm32h7xx_hal_hsem.o
 .debug_macro   0x0003a628      0x2cf ./Drivers/STM32H7xx_HAL_Driver/stm32h7xx_hal_pwr_ex.o
 .debug_macro   0x0003a8f7      0x2ba ./Drivers/STM32H7xx_HAL_Driver/stm32h7xx_hal_rcc.o
 .debug_macro   0x0003abb1      0x2b4 ./Drivers/STM32H7xx_HAL_Driver/stm32h7xx_hal_rcc_ex.o
 .debug_macro   0x0003ae65      0x2c1 ./Drivers/STM32H7xx_HAL_Driver/stm32h7xx_hal_uart.o
 .debug_macro   0x0003b126      0x2a2 ./Drivers/STM32H7xx_HAL_Driver/stm32h7xx_hal_uart_ex.o
 .debug_macro   0x0003b3c8      0x1fe ./Middlewares/Third_Party/FreeRTOS/cmsis_os.o
 .debug_macro   0x0003b5c6       0x10 ./Middlewares/Third_Party/FreeRTOS/cmsis_os.o
 .debug_macro   0x0003b5d6       0xe9 ./Middlewares/Third_Party/FreeRTOS/cmsis_os.o
 .debug_macro   0x0003b6bf      0x1ae ./Middlewares/Third_Party/FreeRTOS/heap_4.o
 .debug_macro   0x0003b86d      0x187 ./Middlewares/Third_Party/FreeRTOS/list.o
 .debug_macro   0x0003b9f4      0x196 ./Middlewares/Third_Party/FreeRTOS/port.o
 .debug_macro   0x0003bb8a      0x279 ./Middlewares/Third_Party/FreeRTOS/tasks.o
 .debug_macro   0x0003be03       0x10 ./Middlewares/Third_Party/FreeRTOS/tasks.o

.debug_line     0x00000000    0x1a36c
 .debug_line    0x00000000      0xa7b ./Common/Src/system_stm32h7xx_dualcore_boot_cm4_cm7.o
 .debug_line    0x00000a7b      0xc17 ./Core/Src/Middleware Layer/INS_processing.o
 .debug_line    0x00001692      0xb12 ./Core/Src/RTOS Layer/Task_manager.o
 .debug_line    0x000021a4      0x8bb ./Core/Src/dma.o
 .debug_line    0x00002a5f      0xc42 ./Core/Src/freertos.o
 .debug_line    0x000036a1      0x8cd ./Core/Src/gpio.o
 .debug_line    0x00003f6e      0xb71 ./Core/Src/main.o
 .debug_line    0x00004adf      0x8c2 ./Core/Src/stm32h7xx_hal_msp.o
 .debug_line    0x000053a1      0xa9e ./Core/Src/stm32h7xx_it.o
 .debug_line    0x00005e3f      0xa6c ./Core/Src/usart.o
 .debug_line    0x000068ab       0x7a ./Core/Startup/startup_stm32h755zitx.o
 .debug_line    0x00006925     0x1039 ./Drivers/STM32H7xx_HAL_Driver/stm32h7xx_hal.o
 .debug_line    0x0000795e      0xf12 ./Drivers/STM32H7xx_HAL_Driver/stm32h7xx_hal_cortex.o
 .debug_line    0x00008870     0x2834 ./Drivers/STM32H7xx_HAL_Driver/stm32h7xx_hal_dma.o
 .debug_line    0x0000b0a4      0xdb1 ./Drivers/STM32H7xx_HAL_Driver/stm32h7xx_hal_gpio.o
 .debug_line    0x0000be55      0xa9f ./Drivers/STM32H7xx_HAL_Driver/stm32h7xx_hal_hsem.o
 .debug_line    0x0000c8f4     0x1117 ./Drivers/STM32H7xx_HAL_Driver/stm32h7xx_hal_pwr_ex.o
 .debug_line    0x0000da0b     0x14a7 ./Drivers/STM32H7xx_HAL_Driver/stm32h7xx_hal_rcc.o
 .debug_line    0x0000eeb2     0x1dd8 ./Drivers/STM32H7xx_HAL_Driver/stm32h7xx_hal_rcc_ex.o
 .debug_line    0x00010c8a     0x3f65 ./Drivers/STM32H7xx_HAL_Driver/stm32h7xx_hal_uart.o
 .debug_line    0x00014bef      0xf75 ./Drivers/STM32H7xx_HAL_Driver/stm32h7xx_hal_uart_ex.o
 .debug_line    0x00015b64     0x12d6 ./Middlewares/Third_Party/FreeRTOS/cmsis_os.o
 .debug_line    0x00016e3a      0xa2e ./Middlewares/Third_Party/FreeRTOS/heap_4.o
 .debug_line    0x00017868      0x803 ./Middlewares/Third_Party/FreeRTOS/list.o
 .debug_line    0x0001806b      0x8e7 ./Middlewares/Third_Party/FreeRTOS/port.o
 .debug_line    0x00018952     0x1a1a ./Middlewares/Third_Party/FreeRTOS/tasks.o

.debug_str      0x00000000   0x18311d
 .debug_str     0x00000000   0x174246 ./Common/Src/system_stm32h7xx_dualcore_boot_cm4_cm7.o
                             0x17469f (size before relaxing)
 .debug_str     0x00174246      0xd37 ./Core/Src/Middleware Layer/INS_processing.o
                             0x175027 (size before relaxing)
 .debug_str     0x00174f7d      0x19f ./Core/Src/RTOS Layer/Task_manager.o
                             0x174c9b (size before relaxing)
 .debug_str     0x0017511c      0x860 ./Core/Src/dma.o
                             0x174df5 (size before relaxing)
 .debug_str     0x0017597c     0x6464 ./Core/Src/freertos.o
                             0x17a923 (size before relaxing)
 .debug_str     0x0017bde0       0xd3 ./Core/Src/gpio.o
                             0x174623 (size before relaxing)
 .debug_str     0x0017beb3      0x216 ./Core/Src/main.o
                             0x17b346 (size before relaxing)
 .debug_str     0x0017c0c9       0x2c ./Core/Src/stm32h7xx_hal_msp.o
                             0x174df8 (size before relaxing)
 .debug_str     0x0017c0f5      0x40d ./Core/Src/stm32h7xx_it.o
                             0x178504 (size before relaxing)
 .debug_str     0x0017c502      0x684 ./Core/Src/usart.o
                             0x175881 (size before relaxing)
 .debug_str     0x0017cb86       0x44 ./Core/Startup/startup_stm32h755zitx.o
                                 0xb8 (size before relaxing)
 .debug_str     0x0017cbca      0xacb ./Drivers/STM32H7xx_HAL_Driver/stm32h7xx_hal.o
                             0x175a15 (size before relaxing)
 .debug_str     0x0017d695      0x3d1 ./Drivers/STM32H7xx_HAL_Driver/stm32h7xx_hal_cortex.o
                             0x17519b (size before relaxing)
 .debug_str     0x0017da66      0x8c0 ./Drivers/STM32H7xx_HAL_Driver/stm32h7xx_hal_dma.o
                             0x175003 (size before relaxing)
 .debug_str     0x0017e326      0x170 ./Drivers/STM32H7xx_HAL_Driver/stm32h7xx_hal_gpio.o
                             0x1748f4 (size before relaxing)
 .debug_str     0x0017e496      0x1c3 ./Drivers/STM32H7xx_HAL_Driver/stm32h7xx_hal_hsem.o
                             0x17457f (size before relaxing)
 .debug_str     0x0017e659      0x709 ./Drivers/STM32H7xx_HAL_Driver/stm32h7xx_hal_pwr_ex.o
                             0x174d4a (size before relaxing)
 .debug_str     0x0017ed62      0x56d ./Drivers/STM32H7xx_HAL_Driver/stm32h7xx_hal_rcc.o
                             0x174c75 (size before relaxing)
 .debug_str     0x0017f2cf      0x6d6 ./Drivers/STM32H7xx_HAL_Driver/stm32h7xx_hal_rcc_ex.o
                             0x1751aa (size before relaxing)
 .debug_str     0x0017f9a5      0xa3a ./Drivers/STM32H7xx_HAL_Driver/stm32h7xx_hal_uart.o
                             0x1757a3 (size before relaxing)
 .debug_str     0x001803df      0x2d4 ./Drivers/STM32H7xx_HAL_Driver/stm32h7xx_hal_uart_ex.o
                             0x174d63 (size before relaxing)
 .debug_str     0x001806b3      0xae9 ./Middlewares/Third_Party/FreeRTOS/cmsis_os.o
                               0xe946 (size before relaxing)
 .debug_str     0x0018119c      0x4dc ./Middlewares/Third_Party/FreeRTOS/heap_4.o
                               0xb4c5 (size before relaxing)
 .debug_str     0x00181678      0x189 ./Middlewares/Third_Party/FreeRTOS/list.o
                               0xab83 (size before relaxing)
 .debug_str     0x00181801      0x885 ./Middlewares/Third_Party/FreeRTOS/port.o
                               0x87ca (size before relaxing)
 .debug_str     0x00182086     0x1097 ./Middlewares/Third_Party/FreeRTOS/tasks.o
                               0xceee (size before relaxing)

.comment        0x00000000       0x43
 .comment       0x00000000       0x43 ./Common/Src/system_stm32h7xx_dualcore_boot_cm4_cm7.o
                                 0x44 (size before relaxing)
 .comment       0x00000043       0x44 ./Core/Src/Middleware Layer/INS_processing.o
 .comment       0x00000043       0x44 ./Core/Src/RTOS Layer/Task_manager.o
 .comment       0x00000043       0x44 ./Core/Src/dma.o
 .comment       0x00000043       0x44 ./Core/Src/freertos.o
 .comment       0x00000043       0x44 ./Core/Src/gpio.o
 .comment       0x00000043       0x44 ./Core/Src/main.o
 .comment       0x00000043       0x44 ./Core/Src/stm32h7xx_hal_msp.o
 .comment       0x00000043       0x44 ./Core/Src/stm32h7xx_it.o
 .comment       0x00000043       0x44 ./Core/Src/usart.o
 .comment       0x00000043       0x44 ./Drivers/STM32H7xx_HAL_Driver/stm32h7xx_hal.o
 .comment       0x00000043       0x44 ./Drivers/STM32H7xx_HAL_Driver/stm32h7xx_hal_cortex.o
 .comment       0x00000043       0x44 ./Drivers/STM32H7xx_HAL_Driver/stm32h7xx_hal_dma.o
 .comment       0x00000043       0x44 ./Drivers/STM32H7xx_HAL_Driver/stm32h7xx_hal_gpio.o
 .comment       0x00000043       0x44 ./Drivers/STM32H7xx_HAL_Driver/stm32h7xx_hal_hsem.o
 .comment       0x00000043       0x44 ./Drivers/STM32H7xx_HAL_Driver/stm32h7xx_hal_pwr_ex.o
 .comment       0x00000043       0x44 ./Drivers/STM32H7xx_HAL_Driver/stm32h7xx_hal_rcc.o
 .comment       0x00000043       0x44 ./Drivers/STM32H7xx_HAL_Driver/stm32h7xx_hal_rcc_ex.o
 .comment       0x00000043       0x44 ./Drivers/STM32H7xx_HAL_Driver/stm32h7xx_hal_uart.o
 .comment       0x00000043       0x44 ./Drivers/STM32H7xx_HAL_Driver/stm32h7xx_hal_uart_ex.o
 .comment       0x00000043       0x44 ./Middlewares/Third_Party/FreeRTOS/cmsis_os.o
 .comment       0x00000043       0x44 ./Middlewares/Third_Party/FreeRTOS/heap_4.o
 .comment       0x00000043       0x44 ./Middlewares/Third_Party/FreeRTOS/list.o
 .comment       0x00000043       0x44 ./Middlewares/Third_Party/FreeRTOS/port.o
 .comment       0x00000043       0x44 ./Middlewares/Third_Party/FreeRTOS/tasks.o

.debug_frame    0x00000000     0x4840
 .debug_frame   0x00000000       0x58 ./Common/Src/system_stm32h7xx_dualcore_boot_cm4_cm7.o
 .debug_frame   0x00000058       0x80 ./Core/Src/Middleware Layer/INS_processing.o
 .debug_frame   0x000000d8      0x288 ./Core/Src/RTOS Layer/Task_manager.o
 .debug_frame   0x00000360       0x34 ./Core/Src/dma.o
 .debug_frame   0x00000394      0x1a4 ./Core/Src/freertos.o
 .debug_frame   0x00000538       0x34 ./Core/Src/gpio.o
 .debug_frame   0x0000056c       0x64 ./Core/Src/main.o
 .debug_frame   0x000005d0       0x34 ./Core/Src/stm32h7xx_hal_msp.o
 .debug_frame   0x00000604       0xfc ./Core/Src/stm32h7xx_it.o
 .debug_frame   0x00000700       0xb8 ./Core/Src/usart.o
 .debug_frame   0x000007b8      0x848 ./Drivers/STM32H7xx_HAL_Driver/stm32h7xx_hal.o
 .debug_frame   0x00001000      0x508 ./Drivers/STM32H7xx_HAL_Driver/stm32h7xx_hal_cortex.o
 .debug_frame   0x00001508      0x2b4 ./Drivers/STM32H7xx_HAL_Driver/stm32h7xx_hal_dma.o
 .debug_frame   0x000017bc      0x14c ./Drivers/STM32H7xx_HAL_Driver/stm32h7xx_hal_gpio.o
 .debug_frame   0x00001908      0x1bc ./Drivers/STM32H7xx_HAL_Driver/stm32h7xx_hal_hsem.o
 .debug_frame   0x00001ac4      0x5ec ./Drivers/STM32H7xx_HAL_Driver/stm32h7xx_hal_pwr_ex.o
 .debug_frame   0x000020b0      0x1f8 ./Drivers/STM32H7xx_HAL_Driver/stm32h7xx_hal_rcc.o
 .debug_frame   0x000022a8      0x43c ./Drivers/STM32H7xx_HAL_Driver/stm32h7xx_hal_rcc_ex.o
 .debug_frame   0x000026e4      0xa94 ./Drivers/STM32H7xx_HAL_Driver/stm32h7xx_hal_uart.o
 .debug_frame   0x00003178      0x2c0 ./Drivers/STM32H7xx_HAL_Driver/stm32h7xx_hal_uart_ex.o
 .debug_frame   0x00003438      0x80c ./Middlewares/Third_Party/FreeRTOS/cmsis_os.o
 .debug_frame   0x00003c44      0x12c ./Middlewares/Third_Party/FreeRTOS/heap_4.o
 .debug_frame   0x00003d70       0xd8 ./Middlewares/Third_Party/FreeRTOS/list.o
 .debug_frame   0x00003e48      0x1a8 ./Middlewares/Third_Party/FreeRTOS/port.o
 .debug_frame   0x00003ff0      0x77c ./Middlewares/Third_Party/FreeRTOS/tasks.o
 .debug_frame   0x0000476c       0x20 C:/ST/STM32CubeIDE_1.13.1/STM32CubeIDE/plugins/com.st.stm32cube.ide.mcu.externaltools.gnu-tools-for-stm32.12.3.rel1.win32_1.0.200.202406191623/tools/bin/../lib/gcc/arm-none-eabi/12.3.1/../../../../arm-none-eabi/lib/thumb/v7e-m+fp/hard\libc_nano.a(libc_a-memset.o)
 .debug_frame   0x0000478c       0x2c C:/ST/STM32CubeIDE_1.13.1/STM32CubeIDE/plugins/com.st.stm32cube.ide.mcu.externaltools.gnu-tools-for-stm32.12.3.rel1.win32_1.0.200.202406191623/tools/bin/../lib/gcc/arm-none-eabi/12.3.1/../../../../arm-none-eabi/lib/thumb/v7e-m+fp/hard\libc_nano.a(libc_a-init.o)
 .debug_frame   0x000047b8       0x28 C:/ST/STM32CubeIDE_1.13.1/STM32CubeIDE/plugins/com.st.stm32cube.ide.mcu.externaltools.gnu-tools-for-stm32.12.3.rel1.win32_1.0.200.202406191623/tools/bin/../lib/gcc/arm-none-eabi/12.3.1/../../../../arm-none-eabi/lib/thumb/v7e-m+fp/hard\libc_nano.a(libc_a-memcpy-stub.o)
 .debug_frame   0x000047e0       0x2c C:/ST/STM32CubeIDE_1.13.1/STM32CubeIDE/plugins/com.st.stm32cube.ide.mcu.externaltools.gnu-tools-for-stm32.12.3.rel1.win32_1.0.200.202406191623/tools/bin/../lib/gcc/arm-none-eabi/12.3.1/thumb/v7e-m+fp/hard\libgcc.a(_aeabi_uldivmod.o)
 .debug_frame   0x0000480c       0x34 C:/ST/STM32CubeIDE_1.13.1/STM32CubeIDE/plugins/com.st.stm32cube.ide.mcu.externaltools.gnu-tools-for-stm32.12.3.rel1.win32_1.0.200.202406191623/tools/bin/../lib/gcc/arm-none-eabi/12.3.1/thumb/v7e-m+fp/hard\libgcc.a(_udivmoddi4.o)

.debug_line_str
                0x00000000       0x9c
 .debug_line_str
                0x00000000       0x9c ./Core/Startup/startup_stm32h755zitx.o