../Core/Src/RTOS Layer/Task_manager.c:18:6:task_init_1ms	4	static
../Core/Src/RTOS Layer/Task_manager.c:28:6:task_init_5ms	4	static
../Core/Src/RTOS Layer/Task_manager.c:38:6:task_init_10ms	4	static
../Core/Src/RTOS Layer/Task_manager.c:49:6:task_init_15ms	4	static
../Core/Src/RTOS Layer/Task_manager.c:59:6:task_init_20ms	4	static
../Core/Src/RTOS Layer/Task_manager.c:69:6:task_init_30ms	4	static
../Core/Src/RTOS Layer/Task_manager.c:79:6:task_init_50ms	4	static
../Core/Src/RTOS Layer/Task_manager.c:89:6:task_init_100ms	4	static
../Core/Src/RTOS Layer/Task_manager.c:99:6:task_init_200ms	4	static
../Core/Src/RTOS Layer/Task_manager.c:109:6:task_init_500ms	4	static
../Core/Src/RTOS Layer/Task_manager.c:119:6:task_manager_1ms	4	static
../Core/Src/RTOS Layer/Task_manager.c:129:6:task_manager_5ms	4	static
../Core/Src/RTOS Layer/Task_manager.c:139:6:task_manager_10ms	4	static
../Core/Src/RTOS Layer/Task_manager.c:149:6:task_manager_15ms	4	static
../Core/Src/RTOS Layer/Task_manager.c:159:6:task_manager_20ms	4	static
../Core/Src/RTOS Layer/Task_manager.c:169:6:task_manager_30ms	4	static
../Core/Src/RTOS Layer/Task_manager.c:179:6:task_manager_50ms	4	static
../Core/Src/RTOS Layer/Task_manager.c:189:6:task_manager_100ms	4	static
../Core/Src/RTOS Layer/Task_manager.c:199:6:task_manager_200ms	8	static
../Core/Src/RTOS Layer/Task_manager.c:209:6:task_manager_500ms	8	static
